2026-09-05T18:11:23.1513050Z Current runner version: '2.337.0'
2026-09-05T18:11:23.1529110Z ##[group]Runner Image Provisioner
2026-09-05T18:11:23.1529710Z Hosted Compute Agent
2026-09-05T18:11:23.1530160Z Version: 20260828.587
2026-09-05T18:11:23.1530650Z Commit: abac92662cab4cc7352de4f9f9d2e2419aad9c29
2026-09-05T18:11:23.1531200Z Build Date: 2026-08-28T16:44:25Z
2026-09-05T18:11:23.1531710Z Worker ID: {dc8b4c32-0d59-4151-91d6-686e91394e04}
2026-09-05T18:11:23.1532240Z Azure Region: westus
2026-09-05T18:11:23.1532700Z ##[endgroup]
2026-09-05T18:11:23.1533580Z ##[group]Operating System
2026-09-05T18:11:23.1534090Z macOS
2026-09-05T18:11:23.1534500Z 14.8.9
2026-09-05T18:11:23.1534900Z 23J631
2026-09-05T18:11:23.1535310Z ##[endgroup]
2026-09-05T18:11:23.1535740Z ##[group]Runner Image
2026-09-05T18:11:23.1536310Z Image: macos-14-arm64
2026-09-05T18:11:23.1536760Z Version: 20260831.0302.1
2026-09-05T18:11:23.1537700Z Included Software: https://github.com/actions/runner-images/blob/macos-14-arm64/20260831.0302/images/macos/macos-14-arm64-Readme.md
2026-09-05T18:11:23.1538840Z Image Release: https://github.com/actions/runner-images/releases/tag/macos-14-arm64%2F20260831.0302
2026-09-05T18:11:23.1539570Z ##[endgroup]
2026-09-05T18:11:23.1540490Z ##[group]GITHUB_TOKEN Permissions
2026-09-05T18:11:23.1541670Z Contents: read
2026-09-05T18:11:23.1542130Z Metadata: read
2026-09-05T18:11:23.1542560Z Packages: read
2026-09-05T18:11:23.1543030Z ##[endgroup]
2026-09-05T18:11:23.1544490Z Secret source: Actions
2026-09-05T18:11:23.1545230Z Prepare workflow directory
2026-09-05T18:11:23.1764330Z Prepare all required actions
2026-09-05T18:11:23.1798940Z Getting action download info
2026-09-05T18:11:23.4476140Z Download action repository 'actions/checkout@v4' (SHA:11d5960a326750d5838078e36cf38b85af677262)
2026-09-05T18:11:23.8859160Z Download action repository 'actions/setup-node@v4' (SHA:49933ea5288caeca8642d1e84afbd3f7d6820020)
2026-09-05T18:11:24.0107200Z Download action repository 'actions/upload-artifact@v4' (SHA:ea165f8d65b6e75b540449e92b4886f43607fa02)
2026-09-05T18:11:24.2086670Z Complete job name: build
2026-09-05T18:11:24.2491430Z Node 20 is being deprecated. This workflow is running with Node 24 by default. If you need to temporarily use Node 20, you can set the ACTIONS_ALLOW_USE_UNSECURE_NODE_VERSION=true environment variable. For more information see: https://github.blog/changelog/2025-09-19-deprecation-of-node-20-on-github-actions-runners/
2026-09-05T18:11:24.2497400Z ##[group]Run actions/checkout@v4
2026-09-05T18:11:24.2497930Z with:
2026-09-05T18:11:24.2498330Z   repository: zhang20230331/shuzhai
2026-09-05T18:11:24.2501000Z   token: ***
2026-09-05T18:11:24.2501390Z   ssh-strict: true
2026-09-05T18:11:24.2501770Z   ssh-user: git
2026-09-05T18:11:24.2502170Z   persist-credentials: true
2026-09-05T18:11:24.2502580Z   clean: true
2026-09-05T18:11:24.2502980Z   sparse-checkout-cone-mode: true
2026-09-05T18:11:24.2503430Z   fetch-depth: 1
2026-09-05T18:11:24.2503820Z   fetch-tags: false
2026-09-05T18:11:24.2504210Z   show-progress: true
2026-09-05T18:11:24.2504630Z   lfs: false
2026-09-05T18:11:24.2505020Z   submodules: false
2026-09-05T18:11:24.2505430Z   set-safe-directory: true
2026-09-05T18:11:24.2505860Z   allow-unsafe-pr-checkout: false
2026-09-05T18:11:24.2506400Z ##[endgroup]
2026-09-05T18:11:24.4731140Z Syncing repository: zhang20230331/shuzhai
2026-09-05T18:11:24.4732540Z ##[group]Getting Git version info
2026-09-05T18:11:24.4733110Z Working directory is '/Users/runner/work/shuzhai/shuzhai'
2026-09-05T18:11:24.4734060Z [command]/opt/homebrew/bin/git version
2026-09-05T18:11:24.4924150Z git version 2.55.0
2026-09-05T18:11:24.4935130Z ##[endgroup]
2026-09-05T18:11:24.4941570Z Copying '/Users/runner/.gitconfig' to '/Users/runner/work/_temp/f2dc3cd5-3868-4566-afd8-ff0e5fbae7cf/.gitconfig'
2026-09-05T18:11:24.4946750Z Temporarily overriding HOME='/Users/runner/work/_temp/f2dc3cd5-3868-4566-afd8-ff0e5fbae7cf' before making global git config changes
2026-09-05T18:11:24.4947880Z Adding repository directory to the temporary git global config as a safe directory
2026-09-05T18:11:24.4949820Z [command]/opt/homebrew/bin/git config --global --add safe.directory /Users/runner/work/shuzhai/shuzhai
2026-09-05T18:11:24.5032390Z Deleting the contents of '/Users/runner/work/shuzhai/shuzhai'
2026-09-05T18:11:24.5034240Z ##[group]Initializing the repository
2026-09-05T18:11:24.5037420Z [command]/opt/homebrew/bin/git init /Users/runner/work/shuzhai/shuzhai
2026-09-05T18:11:24.5210590Z hint: Using 'master' as the name for the initial branch. This default branch name
2026-09-05T18:11:24.5211520Z hint: will change to "main" in Git 3.0. To configure the initial branch name
2026-09-05T18:11:24.5212300Z hint: to use in all of your new repositories, which will suppress this warning,
2026-09-05T18:11:24.5212950Z hint: call:
2026-09-05T18:11:24.5213410Z hint:
2026-09-05T18:11:24.5213920Z hint: 	git config --global init.defaultBranch <name>
2026-09-05T18:11:24.5214460Z hint:
2026-09-05T18:11:24.5215060Z hint: Names commonly chosen instead of 'master' are 'main', 'trunk' and
2026-09-05T18:11:24.5215880Z hint: 'development'. The just-created branch can be renamed via this command:
2026-09-05T18:11:24.5216570Z hint:
2026-09-05T18:11:24.5216990Z hint: 	git branch -m <name>
2026-09-05T18:11:24.5217440Z hint:
2026-09-05T18:11:24.5218060Z hint: Disable this message with "git config set advice.defaultBranchName false"
2026-09-05T18:11:24.5218860Z Initialized empty Git repository in /Users/runner/work/shuzhai/shuzhai/.git/
2026-09-05T18:11:24.5220510Z [command]/opt/homebrew/bin/git remote add origin https://github.com/zhang20230331/shuzhai
2026-09-05T18:11:24.5274320Z ##[endgroup]
2026-09-05T18:11:24.5275080Z ##[group]Disabling automatic garbage collection
2026-09-05T18:11:24.5275760Z [command]/opt/homebrew/bin/git config --local gc.auto 0
2026-09-05T18:11:24.5310810Z ##[endgroup]
2026-09-05T18:11:24.5311570Z ##[group]Setting up auth
2026-09-05T18:11:24.5314200Z [command]/opt/homebrew/bin/git config --local --name-only --get-regexp core\.sshCommand
2026-09-05T18:11:24.5351430Z [command]/opt/homebrew/bin/git submodule foreach --recursive sh -c "git config --local --name-only --get-regexp 'core\.sshCommand' && git config --local --unset-all 'core.sshCommand' || :"
2026-09-05T18:11:24.5902670Z [command]/opt/homebrew/bin/git config --local --name-only --get-regexp http\.https\:\/\/github\.com\/\.extraheader
2026-09-05T18:11:24.5937270Z [command]/opt/homebrew/bin/git submodule foreach --recursive sh -c "git config --local --name-only --get-regexp 'http\.https\:\/\/github\.com\/\.extraheader' && git config --local --unset-all 'http.https://github.com/.extraheader' || :"
2026-09-05T18:11:24.6400600Z [command]/opt/homebrew/bin/git config --local --name-only --get-regexp ^includeIf\.gitdir:
2026-09-05T18:11:24.6435670Z [command]/opt/homebrew/bin/git submodule foreach --recursive git config --local --show-origin --name-only --get-regexp remote.origin.url
2026-09-05T18:11:24.6884980Z [command]/opt/homebrew/bin/git config --local http.https://github.com/.extraheader AUTHORIZATION: basic ***
2026-09-05T18:11:24.6925820Z ##[endgroup]
2026-09-05T18:11:24.6926590Z ##[group]Fetching the repository
2026-09-05T18:11:24.6930830Z [command]/opt/homebrew/bin/git -c protocol.version=2 fetch --no-tags --prune --no-recurse-submodules --depth=1 origin +fe7e4f22fec9d4d4cc640cf9007d5cf1e4f39f5e:refs/remotes/origin/main
2026-09-05T18:11:25.3391820Z From https://github.com/zhang20230331/shuzhai
2026-09-05T18:11:25.3435770Z  * [new ref]         fe7e4f22fec9d4d4cc640cf9007d5cf1e4f39f5e -> origin/main
2026-09-05T18:11:25.3471190Z ##[endgroup]
2026-09-05T18:11:25.3575750Z ##[group]Determining the checkout info
2026-09-05T18:11:25.3627450Z ##[endgroup]
2026-09-05T18:11:25.3628480Z [command]/opt/homebrew/bin/git sparse-checkout disable
2026-09-05T18:11:25.3631100Z [command]/opt/homebrew/bin/git config --local --unset-all extensions.worktreeConfig
2026-09-05T18:11:25.3634230Z ##[group]Checking out the ref
2026-09-05T18:11:25.3635640Z [command]/opt/homebrew/bin/git checkout --progress --force -B main refs/remotes/origin/main
2026-09-05T18:11:25.3913420Z Switched to a new branch 'main'
2026-09-05T18:11:25.3927680Z branch 'main' set up to track 'origin/main'.
2026-09-05T18:11:25.3934450Z ##[endgroup]
2026-09-05T18:11:25.3988240Z [command]/opt/homebrew/bin/git log -1 --format=%H
2026-09-05T18:11:25.4026790Z fe7e4f22fec9d4d4cc640cf9007d5cf1e4f39f5e
2026-09-05T18:11:25.4305630Z Node 20 is being deprecated. This workflow is running with Node 24 by default. If you need to temporarily use Node 20, you can set the ACTIONS_ALLOW_USE_UNSECURE_NODE_VERSION=true environment variable. For more information see: https://github.blog/changelog/2025-09-19-deprecation-of-node-20-on-github-actions-runners/
2026-09-05T18:11:25.4309750Z ##[group]Run actions/setup-node@v4
2026-09-05T18:11:25.4310650Z with:
2026-09-05T18:11:25.4311380Z   node-version: 22
2026-09-05T18:11:25.4312110Z   always-auth: false
2026-09-05T18:11:25.4312860Z   check-latest: false
2026-09-05T18:11:25.4320330Z   token: ***
2026-09-05T18:11:25.4321080Z ##[endgroup]
2026-09-05T18:11:25.5485140Z Found in cache @ /Users/runner/hostedtoolcache/node/22.23.2/arm64
2026-09-05T18:11:25.5487260Z (node:6761) [DEP0040] DeprecationWarning: The `punycode` module is deprecated. Please use a userland alternative instead.
2026-09-05T18:11:25.5489290Z (Use `node --trace-deprecation ...` to show where the warning was created)
2026-09-05T18:11:25.5491080Z ##[group]Environment details
2026-09-05T18:11:26.0660130Z node: v22.23.2
2026-09-05T18:11:26.0661040Z npm: 10.9.8
2026-09-05T18:11:26.0661400Z yarn: 1.22.22
2026-09-05T18:11:26.0662350Z ##[endgroup]
2026-09-05T18:11:26.0748460Z ##[group]Run defaults write com.apple.dt.Xcode IDEPackageSupportUseBuiltinSCM YES
2026-09-05T18:11:26.0749510Z [36;1mdefaults write com.apple.dt.Xcode IDEPackageSupportUseBuiltinSCM YES[0m
2026-09-05T18:11:26.0750470Z [36;1mrm -rf ~/Library/Caches/org.swift.swiftpm ~/Library/org.swift.swiftpm || true[0m
2026-09-05T18:11:26.0754110Z [36;1mrm -rf ios/App/App.xcodeproj/project.xcworkspace/xcshareddata/swiftpm || true[0m
2026-09-05T18:11:26.0845000Z shell: /bin/bash -e {0}
2026-09-05T18:11:26.0845450Z ##[endgroup]
2026-09-05T18:11:26.1466040Z ##[group]Run set -o pipefail; npm ci 2>&1 | tee npm.log
2026-09-05T18:11:26.1466770Z [36;1mset -o pipefail; npm ci 2>&1 | tee npm.log[0m
2026-09-05T18:11:26.1521060Z shell: /bin/bash -e {0}
2026-09-05T18:11:26.1521470Z ##[endgroup]
2026-09-05T18:11:30.0769690Z 
2026-09-05T18:11:30.0878200Z added 133 packages, and audited 134 packages in 4s
2026-09-05T18:11:30.0880260Z 
2026-09-05T18:11:30.0880700Z 20 packages are looking for funding
2026-09-05T18:11:30.0881250Z   run `npm fund` for details
2026-09-05T18:11:30.0912310Z 
2026-09-05T18:11:30.0912810Z 3 moderate severity vulnerabilities
2026-09-05T18:11:30.0913340Z 
2026-09-05T18:11:30.0913860Z To address all issues (including breaking changes), run:
2026-09-05T18:11:30.0915970Z   npm audit fix --force
2026-09-05T18:11:30.0916390Z 
2026-09-05T18:11:30.0916640Z Run `npm audit` for details.
2026-09-05T18:11:30.1969470Z ##[group]Run set -o pipefail; npx cap sync ios 2>&1 | tee sync.log
2026-09-05T18:11:30.1970260Z [36;1mset -o pipefail; npx cap sync ios 2>&1 | tee sync.log[0m
2026-09-05T18:11:30.2033540Z shell: /bin/bash -e {0}
2026-09-05T18:11:30.2033760Z ##[endgroup]
2026-09-05T18:11:30.6318620Z ✔ Copying web assets from public to ios/App/App/public in 7.45ms
2026-09-05T18:11:30.6419890Z ✔ Creating capacitor.config.json in ios/App/App in 404.46μs
2026-09-05T18:11:30.6521740Z ✔ copy ios in 12.61ms
2026-09-05T18:11:30.6621970Z ✔ Updating iOS plugins in 348.96μs
2026-09-05T18:11:30.6688130Z [info] All Capacitor plugins have a Package.swift file and will be included in Package.swift
2026-09-05T18:11:30.6789570Z [info] Writing Package.swift
2026-09-05T18:11:30.6890780Z [info] Found 1 Capacitor plugin for ios:
2026-09-05T18:11:30.6991960Z        @capacitor-community/text-to-speech@8.0.2
2026-09-05T18:11:30.7055720Z ✔ update ios in 10.75ms
2026-09-05T18:11:30.7080840Z [info] Sync finished in 0.033s
2026-09-05T18:11:30.7108200Z ##[group]Run cd ios/App/CapApp-SPM
2026-09-05T18:11:30.7111300Z [36;1mcd ios/App/CapApp-SPM[0m
2026-09-05T18:11:30.7111640Z [36;1mgrep -n "node_modules" Package.swift || true[0m
2026-09-05T18:11:30.7112340Z [36;1msed -i '' 's|path: "[^"]*node_modules/@capacitor-community/text-to-speech"|url: "https://github.com/capacitor-community/text-to-speech.git", from: "8.0.2"|' Package.swift[0m
2026-09-05T18:11:30.7112980Z [36;1mgrep -n "text-to-speech" Package.swift[0m
2026-09-05T18:11:30.7168050Z shell: /bin/bash -e {0}
2026-09-05T18:11:30.7168370Z ##[endgroup]
2026-09-05T18:11:30.7490370Z 15:        .package(name: "CapacitorCommunityTextToSpeech", path: "../../../node_modules/@capacitor-community/text-to-speech")
2026-09-05T18:11:30.7533820Z 15:        .package(name: "CapacitorCommunityTextToSpeech", url: "https://github.com/capacitor-community/text-to-speech.git", from: "8.0.2")
2026-09-05T18:11:30.7581300Z ##[group]Run cd ios/App/CapApp-SPM
2026-09-05T18:11:30.7581580Z [36;1mcd ios/App/CapApp-SPM[0m
2026-09-05T18:11:30.7581890Z [36;1mswift --version > ../../diag_swift.log 2>&1 || true[0m
2026-09-05T18:11:30.7582330Z [36;1mswift package dump-package >> ../../diag_swift.log 2>&1 || true[0m
2026-09-05T18:11:30.7582760Z [36;1mswift package resolve >> ../../diag_swift.log 2>&1 || true[0m
2026-09-05T18:11:30.7583050Z [36;1mtail -5 ../../diag_swift.log[0m
2026-09-05T18:11:30.7636030Z shell: /bin/bash -e {0}
2026-09-05T18:11:30.7636230Z ##[endgroup]
2026-09-05T18:11:40.2436100Z [64611/8457592] Downloading https://github.com/ionic-team/capacitor-swift-pm/releases/download/8.5.1/Capacitor.xcframework.zip, https://github.com/ionic-team/capacitor-swift-pm/releases/download/8.5.1/Cordova.xcframework.zip
2026-09-05T18:11:40.2437670Z Downloading binary artifact https://github.com/ionic-team/capacitor-swift-pm/releases/download/8.5.1/Cordova.xcframework.zip
2026-09-05T18:11:40.2438990Z Downloading binary artifact https://github.com/ionic-team/capacitor-swift-pm/releases/download/8.5.1/Capacitor.xcframework.zip
2026-09-05T18:11:40.2439980Z Downloaded https://github.com/ionic-team/capacitor-swift-pm/releases/download/8.5.1/Cordova.xcframework.zip (0.79s)
2026-09-05T18:11:40.2440990Z Downloaded https://github.com/ionic-team/capacitor-swift-pm/releases/download/8.5.1/Capacitor.xcframework.zip (0.91s)
2026-09-05T18:11:40.2650840Z ##[group]Run set -o pipefail
2026-09-05T18:11:40.2651100Z [36;1mset -o pipefail[0m
2026-09-05T18:11:40.2651360Z [36;1mcd ios/App[0m
2026-09-05T18:11:40.2651750Z [36;1mxcodebuild -project App.xcodeproj -resolvePackageDependencies 2>&1 | tee ../../resolve.log[0m
2026-09-05T18:11:40.2730310Z shell: /bin/bash -e {0}
2026-09-05T18:11:40.2730520Z ##[endgroup]
2026-09-05T18:11:41.0805670Z Command line invocation:
2026-09-05T18:11:41.0807980Z     /Applications/Xcode_15.4.app/Contents/Developer/usr/bin/xcodebuild -project App.xcodeproj -resolvePackageDependencies
2026-09-05T18:11:41.0808730Z 
2026-09-05T18:11:41.0809180Z User defaults from command line:
2026-09-05T18:11:41.0810030Z     IDEPackageSupportUseBuiltinSCM = YES
2026-09-05T18:11:41.0811860Z 
2026-09-05T18:11:48.9541050Z Resolve Package Graph
2026-09-05T18:11:52.1899810Z 
2026-09-05T18:11:52.1901570Z Fetching from https://github.com/capacitor-community/text-to-speech.git (cached)
2026-09-05T18:11:52.5339040Z 
2026-09-05T18:11:52.5340230Z Fetching from https://github.com/ionic-team/capacitor-swift-pm.git (cached)
2026-09-05T18:11:52.5340950Z 
2026-09-05T18:11:53.0743300Z Creating working copy of package ‘text-to-speech’
2026-09-05T18:11:53.1081090Z 
2026-09-05T18:11:53.1083020Z Checking out 8.0.2 of package ‘text-to-speech’
2026-09-05T18:11:53.1414230Z 
2026-09-05T18:11:53.1501500Z Creating working copy of package ‘capacitor-swift-pm’
2026-09-05T18:11:53.1762780Z 
2026-09-05T18:11:53.1864080Z Checking out 8.5.1 of package ‘capacitor-swift-pm’
2026-09-05T18:11:53.1963870Z 
2026-09-05T18:11:53.9231510Z 
2026-09-05T18:11:53.9240360Z Resolved source packages:
2026-09-05T18:11:53.9244660Z   CapApp-SPM: /Users/runner/work/shuzhai/shuzhai/ios/App/CapApp-SPM @ local
2026-09-05T18:11:53.9272650Z   CapacitorCommunityTextToSpeech: https://github.com/capacitor-community/text-to-speech.git @ 8.0.2
2026-09-05T18:11:53.9282660Z   capacitor-swift-pm: https://github.com/ionic-team/capacitor-swift-pm.git @ 8.5.1
2026-09-05T18:11:53.9283140Z 
2026-09-05T18:11:53.9283520Z resolved source packages: CapApp-SPM, CapacitorCommunityTextToSpeech, capacitor-swift-pm
2026-09-05T18:11:53.9536980Z ##[group]Run plutil -lint ios/App/App.xcodeproj/project.pbxproj || true
2026-09-05T18:11:53.9538440Z [36;1mplutil -lint ios/App/App.xcodeproj/project.pbxproj || true[0m
2026-09-05T18:11:53.9540970Z [36;1mxcodebuild -list -project ios/App/App.xcodeproj 2>&1 | tee diag_list.log || true[0m
2026-09-05T18:11:53.9541860Z [36;1mcd ios/App/CapApp-SPM[0m
2026-09-05T18:11:53.9542260Z [36;1mswift package resolve 2>&1 | tee ../../diag_swift.log | tail -5 || true[0m
2026-09-05T18:11:53.9773110Z shell: /bin/bash -e {0}
2026-09-05T18:11:53.9773560Z ##[endgroup]
2026-09-05T18:11:54.0473670Z ios/App/App.xcodeproj/project.pbxproj: OK
2026-09-05T18:11:54.9471670Z Command line invocation:
2026-09-05T18:11:54.9493720Z     /Applications/Xcode_15.4.app/Contents/Developer/usr/bin/xcodebuild -list -project ios/App/App.xcodeproj
2026-09-05T18:11:54.9494320Z 
2026-09-05T18:11:54.9494780Z User defaults from command line:
2026-09-05T18:11:54.9499660Z     IDEPackageSupportUseBuiltinSCM = YES
2026-09-05T18:11:54.9500440Z 
2026-09-05T18:11:55.2316280Z Resolve Package Graph
2026-09-05T18:11:55.9271810Z 
2026-09-05T18:11:55.9273270Z 
2026-09-05T18:11:55.9274450Z Resolved source packages:
2026-09-05T18:11:55.9276350Z   CapApp-SPM: /Users/runner/work/shuzhai/shuzhai/ios/App/CapApp-SPM @ local
2026-09-05T18:11:55.9277720Z   CapacitorCommunityTextToSpeech: https://github.com/capacitor-community/text-to-speech.git @ 8.0.2
2026-09-05T18:11:55.9278480Z   capacitor-swift-pm: https://github.com/ionic-team/capacitor-swift-pm.git @ 8.5.1
2026-09-05T18:11:55.9278970Z 
2026-09-05T18:11:55.9310610Z Information about project "App":
2026-09-05T18:11:55.9410970Z     Targets:
2026-09-05T18:11:55.9512720Z         App
2026-09-05T18:11:55.9612460Z 
2026-09-05T18:11:55.9713270Z     Build Configurations:
2026-09-05T18:11:55.9813760Z         Debug
2026-09-05T18:11:55.9914080Z         Release
2026-09-05T18:11:56.0014230Z 
2026-09-05T18:11:56.0115390Z     If no build configuration is specified and -scheme is not passed then "Release" is used.
2026-09-05T18:11:56.0215190Z 
2026-09-05T18:11:56.0316270Z     Schemes:
2026-09-05T18:11:56.0416800Z         App
2026-09-05T18:11:56.0501830Z 
2026-09-05T18:11:56.6463250Z warning: 'capapp-spm': /Users/runner/work/shuzhai/shuzhai/ios/App/CapApp-SPM/Package.swift:15:10: warning: 'package(name:url:from:)' is deprecated: use package(url:from:) instead
2026-09-05T18:11:56.6465330Z         .package(name: "CapacitorCommunityTextToSpeech", url: "https://github.com/capacitor-community/text-to-speech.git", from: "8.0.2")
2026-09-05T18:11:56.6466060Z          ^
2026-09-05T18:11:56.6504670Z ##[group]Run set -o pipefail
2026-09-05T18:11:56.6505050Z [36;1mset -o pipefail[0m
2026-09-05T18:11:56.6505310Z [36;1mcd ios/App[0m
2026-09-05T18:11:56.6505550Z [36;1mxcodebuild -project App.xcodeproj -target App \[0m
2026-09-05T18:11:56.6505840Z [36;1m  -configuration Release -sdk iphoneos \[0m
2026-09-05T18:11:56.6506240Z [36;1m  -clonedSourcePackagesDirPath "$GITHUB_WORKSPACE/spm" \[0m
2026-09-05T18:11:56.6506650Z [36;1m  CODE_SIGNING_ALLOWED=NO CODE_SIGNING_REQUIRED=NO \[0m
2026-09-05T18:11:56.6507070Z [36;1m  2>&1 | tee ../../xcodebuild.log[0m
2026-09-05T18:11:56.6507560Z [36;1mAPP_PATH=$(find "$GITHUB_WORKSPACE/ios" -type d -name "App.app" -path "*Release-iphoneos*" | head -1)[0m
2026-09-05T18:11:56.6508030Z [36;1mecho "APP_PATH=$APP_PATH"[0m
2026-09-05T18:11:56.6508310Z [36;1mtest -n "$APP_PATH"[0m
2026-09-05T18:11:56.6508630Z [36;1mmkdir -p Payload[0m
2026-09-05T18:11:56.6508900Z [36;1mcp -r "$APP_PATH" Payload/[0m
2026-09-05T18:11:56.6509320Z [36;1mzip -qry shuzhai-unsigned.ipa Payload[0m
2026-09-05T18:11:56.6571040Z shell: /bin/bash -e {0}
2026-09-05T18:11:56.6571640Z ##[endgroup]
2026-09-05T18:11:57.1582780Z Command line invocation:
2026-09-05T18:11:57.1641020Z     /Applications/Xcode_15.4.app/Contents/Developer/usr/bin/xcodebuild -project App.xcodeproj -target App -configuration Release -sdk iphoneos -clonedSourcePackagesDirPath /Users/runner/work/shuzhai/shuzhai/spm CODE_SIGNING_ALLOWED=NO CODE_SIGNING_REQUIRED=NO
2026-09-05T18:11:57.1650890Z 
2026-09-05T18:11:57.1651280Z User defaults from command line:
2026-09-05T18:11:57.1651880Z     IDEClonedSourcePackagesDirPathOverride = /Users/runner/work/shuzhai/shuzhai/spm
2026-09-05T18:11:57.1653620Z     IDEPackageSupportUseBuiltinSCM = YES
2026-09-05T18:11:57.1654710Z 
2026-09-05T18:11:57.1654960Z Build settings from command line:
2026-09-05T18:11:57.1655370Z     CODE_SIGNING_ALLOWED = NO
2026-09-05T18:11:57.1655820Z     CODE_SIGNING_REQUIRED = NO
2026-09-05T18:11:57.1657320Z     SDKROOT = iphoneos17.5
2026-09-05T18:11:57.1657640Z 
2026-09-05T18:11:57.3387710Z Resolve Package Graph
2026-09-05T18:11:57.3588570Z 
2026-09-05T18:11:57.3589210Z Fetching from https://github.com/ionic-team/capacitor-swift-pm.git (cached)
2026-09-05T18:11:57.3696760Z 
2026-09-05T18:11:57.3698390Z Fetching from https://github.com/capacitor-community/text-to-speech.git (cached)
2026-09-05T18:11:57.3699150Z 
2026-09-05T18:11:57.3752830Z Creating working copy of package ‘capacitor-swift-pm’
2026-09-05T18:11:57.3972770Z 
2026-09-05T18:11:57.3976520Z Checking out 8.5.1 of package ‘capacitor-swift-pm’
2026-09-05T18:11:57.4169360Z 
2026-09-05T18:11:57.4275720Z Creating working copy of package ‘text-to-speech’
2026-09-05T18:11:57.4448520Z 
2026-09-05T18:11:57.4449100Z Checking out 8.0.2 of package ‘text-to-speech’
2026-09-05T18:11:57.4634970Z 
2026-09-05T18:11:58.4827240Z 
2026-09-05T18:11:58.4929370Z Resolved source packages:
2026-09-05T18:11:58.5030890Z   capacitor-swift-pm: https://github.com/ionic-team/capacitor-swift-pm.git @ 8.5.1
2026-09-05T18:11:58.5130970Z   CapApp-SPM: /Users/runner/work/shuzhai/shuzhai/ios/App/CapApp-SPM @ local
2026-09-05T18:11:58.5137940Z   CapacitorCommunityTextToSpeech: https://github.com/capacitor-community/text-to-speech.git @ 8.0.2
2026-09-05T18:11:58.5138580Z 
2026-09-05T18:11:58.7908160Z ComputeTargetDependencyGraph
2026-09-05T18:11:58.8464310Z warning: Building targets in manual order is deprecated - check "Parallelize build for command-line builds" in the project editor, or set DISABLE_MANUAL_TARGET_ORDER_BUILD_WARNING in any of the targets in the current build to suppress this warning
2026-09-05T18:11:58.8466510Z note: Target dependency graph (7 targets)
2026-09-05T18:11:58.8467060Z     Target 'App' in project 'App'
2026-09-05T18:11:58.8468000Z         ➜ Explicit dependency on target 'CapApp-SPM' in project 'CapApp-SPM'
2026-09-05T18:11:58.8468730Z     Target 'CapApp-SPM' in project 'CapApp-SPM'
2026-09-05T18:11:58.8469360Z         ➜ Explicit dependency on target 'CapApp-SPM' in project 'CapApp-SPM'
2026-09-05T18:11:58.8470580Z         ➜ Explicit dependency on target 'Capacitor' in project 'capacitor-swift-pm'
2026-09-05T18:11:58.8471610Z         ➜ Explicit dependency on target 'Cordova' in project 'capacitor-swift-pm'
2026-09-05T18:11:58.8473250Z         ➜ Explicit dependency on target 'CapacitorCommunityTextToSpeech' in project 'CapacitorCommunityTextToSpeech'
2026-09-05T18:11:58.8474650Z     Target 'CapApp-SPM' in project 'CapApp-SPM'
2026-09-05T18:11:58.8475530Z         ➜ Explicit dependency on target 'Capacitor' in project 'capacitor-swift-pm'
2026-09-05T18:11:58.8476520Z         ➜ Explicit dependency on target 'Cordova' in project 'capacitor-swift-pm'
2026-09-05T18:11:58.8477240Z         ➜ Explicit dependency on target 'CapacitorCommunityTextToSpeech' in project 'CapacitorCommunityTextToSpeech'
2026-09-05T18:11:58.8477920Z     Target 'CapacitorCommunityTextToSpeech' in project 'CapacitorCommunityTextToSpeech'
2026-09-05T18:11:58.8478650Z         ➜ Explicit dependency on target 'TextToSpeechPlugin' in project 'CapacitorCommunityTextToSpeech'
2026-09-05T18:11:58.8479280Z         ➜ Explicit dependency on target 'Capacitor' in project 'capacitor-swift-pm'
2026-09-05T18:11:58.8480250Z         ➜ Explicit dependency on target 'Cordova' in project 'capacitor-swift-pm'
2026-09-05T18:11:58.8480750Z     Target 'TextToSpeechPlugin' in project 'CapacitorCommunityTextToSpeech'
2026-09-05T18:11:58.8481310Z         ➜ Explicit dependency on target 'Capacitor' in project 'capacitor-swift-pm'
2026-09-05T18:11:58.8481840Z         ➜ Explicit dependency on target 'Cordova' in project 'capacitor-swift-pm'
2026-09-05T18:11:58.8482310Z     Target 'Cordova' in project 'capacitor-swift-pm' (no dependencies)
2026-09-05T18:11:58.8482750Z     Target 'Capacitor' in project 'capacitor-swift-pm' (no dependencies)
2026-09-05T18:11:58.8483000Z 
2026-09-05T18:11:58.8483110Z GatherProvisioningInputs
2026-09-05T18:11:58.8483240Z 
2026-09-05T18:11:58.8534000Z CreateBuildDescription
2026-09-05T18:11:58.9361280Z 
2026-09-05T18:11:58.9362740Z ExecuteExternalTool /Applications/Xcode_15.4.app/Contents/Developer/Toolchains/XcodeDefault.xctoolchain/usr/bin/swiftc -v
2026-09-05T18:11:59.0013330Z 
2026-09-05T18:11:59.0014950Z ExecuteExternalTool /Applications/Xcode_15.4.app/Contents/Developer/usr/bin/actool --print-asset-tag-combinations --output-format xml1 /Users/runner/work/shuzhai/shuzhai/ios/App/App/Assets.xcassets
2026-09-05T18:12:00.4992060Z 
2026-09-05T18:12:00.5105880Z ExecuteExternalTool /Applications/Xcode_15.4.app/Contents/Developer/Toolchains/XcodeDefault.xctoolchain/usr/bin/clang -v -E -dM -isysroot /Applications/Xcode_15.4.app/Contents/Developer/Platforms/iPhoneOS.platform/Developer/SDKs/iPhoneOS17.5.sdk -x c -c /dev/null
2026-09-05T18:12:00.5209070Z 
2026-09-05T18:12:00.5236520Z ExecuteExternalTool /Applications/Xcode_15.4.app/Contents/Developer/usr/bin/ibtool --version --output-format xml1
2026-09-05T18:12:00.5237860Z 
2026-09-05T18:12:00.5238680Z ExecuteExternalTool /Applications/Xcode_15.4.app/Contents/Developer/Toolchains/XcodeDefault.xctoolchain/usr/bin/ld -version_details
2026-09-05T18:12:00.5250850Z 
2026-09-05T18:12:00.5251470Z ExecuteExternalTool /Applications/Xcode_15.4.app/Contents/Developer/usr/bin/actool --version --output-format xml1
2026-09-05T18:12:00.5263060Z 
2026-09-05T18:12:00.5928560Z Build description signature: ee3aee7ab1270e2299d7c4463997c4ec
2026-09-05T18:12:00.5988820Z Build description path: /Users/runner/work/shuzhai/shuzhai/ios/App/build/XCBuildData/ee3aee7ab1270e2299d7c4463997c4ec.xcbuilddata
2026-09-05T18:12:00.6084570Z CreateBuildDirectory /Users/runner/work/shuzhai/shuzhai/spm/checkouts/text-to-speech/build
2026-09-05T18:12:00.6186450Z     cd /Users/runner/work/shuzhai/shuzhai/ios/App/App.xcodeproj
2026-09-05T18:12:00.6187100Z     builtin-create-build-directory /Users/runner/work/shuzhai/shuzhai/spm/checkouts/text-to-speech/build
2026-09-05T18:12:00.6269770Z 
2026-09-05T18:12:00.6372500Z CreateBuildDirectory /Users/runner/work/shuzhai/shuzhai/ios/App/CapApp-SPM/build
2026-09-05T18:12:00.6378300Z     cd /Users/runner/work/shuzhai/shuzhai/ios/App/App.xcodeproj
2026-09-05T18:12:00.6378900Z     builtin-create-build-directory /Users/runner/work/shuzhai/shuzhai/ios/App/CapApp-SPM/build
2026-09-05T18:12:00.6379810Z 
2026-09-05T18:12:00.6380180Z CreateBuildDirectory /Users/runner/work/shuzhai/shuzhai/ios/App/build
2026-09-05T18:12:00.6380700Z     cd /Users/runner/work/shuzhai/shuzhai/ios/App/App.xcodeproj
2026-09-05T18:12:00.6381770Z     builtin-create-build-directory /Users/runner/work/shuzhai/shuzhai/ios/App/build
2026-09-05T18:12:00.6382170Z 
2026-09-05T18:12:00.6384220Z ClangStatCache /Applications/Xcode_15.4.app/Contents/Developer/Toolchains/XcodeDefault.xctoolchain/usr/bin/clang-stat-cache /Applications/Xcode_15.4.app/Contents/Developer/Platforms/iPhoneOS.platform/Developer/SDKs/iPhoneOS17.5.sdk /var/folders/s6/5hzmn6lx4dz5nxs7k_0slzph0000gn/C/com.apple.DeveloperTools/15.4-15F31d/Xcode/SDKStatCaches.noindex/iphoneos17.5-21F77-f0fa7969d082b13145125136a829df3a.sdkstatcache
2026-09-05T18:12:00.6386310Z     cd /Users/runner/work/shuzhai/shuzhai/ios/App/App.xcodeproj
2026-09-05T18:12:00.6388380Z     /Applications/Xcode_15.4.app/Contents/Developer/Toolchains/XcodeDefault.xctoolchain/usr/bin/clang-stat-cache /Applications/Xcode_15.4.app/Contents/Developer/Platforms/iPhoneOS.platform/Developer/SDKs/iPhoneOS17.5.sdk -o /var/folders/s6/5hzmn6lx4dz5nxs7k_0slzph0000gn/C/com.apple.DeveloperTools/15.4-15F31d/Xcode/SDKStatCaches.noindex/iphoneos17.5-21F77-f0fa7969d082b13145125136a829df3a.sdkstatcache
2026-09-05T18:12:01.8797210Z 
2026-09-05T18:12:01.8799390Z CreateBuildDirectory /Users/runner/work/shuzhai/shuzhai/spm/checkouts/text-to-speech/build/Release-iphoneos
2026-09-05T18:12:01.8800250Z     cd /Users/runner/work/shuzhai/shuzhai/ios/App/App.xcodeproj
2026-09-05T18:12:01.8801260Z     builtin-create-build-directory /Users/runner/work/shuzhai/shuzhai/spm/checkouts/text-to-speech/build/Release-iphoneos
2026-09-05T18:12:01.8801800Z 
2026-09-05T18:12:01.8802500Z CreateBuildDirectory /Users/runner/work/shuzhai/shuzhai/spm/checkouts/text-to-speech/build/EagerLinkingTBDs/Release-iphoneos
2026-09-05T18:12:01.8803320Z     cd /Users/runner/work/shuzhai/shuzhai/ios/App/App.xcodeproj
2026-09-05T18:12:01.8804370Z     builtin-create-build-directory /Users/runner/work/shuzhai/shuzhai/spm/checkouts/text-to-speech/build/EagerLinkingTBDs/Release-iphoneos
2026-09-05T18:12:01.8804970Z 
2026-09-05T18:12:01.8806040Z ProcessXCFramework /Users/runner/work/shuzhai/shuzhai/spm/artifacts/capacitor-swift-pm/Cordova/Cordova.xcframework /Users/runner/work/shuzhai/shuzhai/spm/checkouts/text-to-speech/build/Release-iphoneos/Cordova.framework ios
2026-09-05T18:12:01.8807040Z     cd /Users/runner/work/shuzhai/shuzhai/ios/App/App.xcodeproj
2026-09-05T18:12:01.8808260Z     builtin-process-xcframework --xcframework /Users/runner/work/shuzhai/shuzhai/spm/artifacts/capacitor-swift-pm/Cordova/Cordova.xcframework --platform ios --target-path /Users/runner/work/shuzhai/shuzhai/spm/checkouts/text-to-speech/build/Release-iphoneos
2026-09-05T18:12:01.8810860Z /Users/runner/work/shuzhai/shuzhai/spm/artifacts/capacitor-swift-pm/Cordova/Cordova.xcframework:1:1: note: The identity of “Cordova.xcframework” is not recorded in your project.
2026-09-05T18:12:01.8814230Z 
2026-09-05T18:12:01.8815730Z ProcessXCFramework /Users/runner/work/shuzhai/shuzhai/spm/artifacts/capacitor-swift-pm/Cordova/Cordova.xcframework /Users/runner/work/shuzhai/shuzhai/spm/checkouts/capacitor-swift-pm/build/Release-iphoneos/Cordova.framework ios
2026-09-05T18:12:01.8817530Z     cd /Users/runner/work/shuzhai/shuzhai/ios/App/App.xcodeproj
2026-09-05T18:12:01.8819160Z     builtin-process-xcframework --xcframework /Users/runner/work/shuzhai/shuzhai/spm/artifacts/capacitor-swift-pm/Cordova/Cordova.xcframework --platform ios --target-path /Users/runner/work/shuzhai/shuzhai/spm/checkouts/capacitor-swift-pm/build/Release-iphoneos
2026-09-05T18:12:01.8822150Z /Users/runner/work/shuzhai/shuzhai/spm/artifacts/capacitor-swift-pm/Cordova/Cordova.xcframework:1:1: note: The identity of “Cordova.xcframework” is not recorded in your project.
2026-09-05T18:12:01.8822980Z 
2026-09-05T18:12:01.8824320Z ProcessXCFramework /Users/runner/work/shuzhai/shuzhai/spm/artifacts/capacitor-swift-pm/Capacitor/Capacitor.xcframework /Users/runner/work/shuzhai/shuzhai/spm/checkouts/text-to-speech/build/Release-iphoneos/Capacitor.framework ios
2026-09-05T18:12:01.8825810Z     cd /Users/runner/work/shuzhai/shuzhai/ios/App/App.xcodeproj
2026-09-05T18:12:01.8827370Z     builtin-process-xcframework --xcframework /Users/runner/work/shuzhai/shuzhai/spm/artifacts/capacitor-swift-pm/Capacitor/Capacitor.xcframework --platform ios --target-path /Users/runner/work/shuzhai/shuzhai/spm/checkouts/text-to-speech/build/Release-iphoneos
2026-09-05T18:12:01.8829530Z /Users/runner/work/shuzhai/shuzhai/spm/artifacts/capacitor-swift-pm/Capacitor/Capacitor.xcframework:1:1: note: The identity of “Capacitor.xcframework” is not recorded in your project.
2026-09-05T18:12:01.8830960Z 
2026-09-05T18:12:01.8832850Z ProcessXCFramework /Users/runner/work/shuzhai/shuzhai/spm/artifacts/capacitor-swift-pm/Capacitor/Capacitor.xcframework /Users/runner/work/shuzhai/shuzhai/spm/checkouts/capacitor-swift-pm/build/Release-iphoneos/Capacitor.framework ios
2026-09-05T18:12:01.8835260Z     cd /Users/runner/work/shuzhai/shuzhai/ios/App/App.xcodeproj
2026-09-05T18:12:01.8837090Z     builtin-process-xcframework --xcframework /Users/runner/work/shuzhai/shuzhai/spm/artifacts/capacitor-swift-pm/Capacitor/Capacitor.xcframework --platform ios --target-path /Users/runner/work/shuzhai/shuzhai/spm/checkouts/capacitor-swift-pm/build/Release-iphoneos
2026-09-05T18:12:01.8839350Z /Users/runner/work/shuzhai/shuzhai/spm/artifacts/capacitor-swift-pm/Capacitor/Capacitor.xcframework:1:1: note: The identity of “Capacitor.xcframework” is not recorded in your project.
2026-09-05T18:12:01.8840670Z 
2026-09-05T18:12:01.8841540Z CreateBuildDirectory /Users/runner/work/shuzhai/shuzhai/spm/checkouts/text-to-speech/build/Release-iphoneos/PackageFrameworks
2026-09-05T18:12:01.8869020Z     cd /Users/runner/work/shuzhai/shuzhai/ios/App/App.xcodeproj
2026-09-05T18:12:01.8869800Z     builtin-create-build-directory /Users/runner/work/shuzhai/shuzhai/spm/checkouts/text-to-speech/build/Release-iphoneos/PackageFrameworks
2026-09-05T18:12:01.8870280Z 
2026-09-05T18:12:01.8870660Z CreateBuildDirectory /Users/runner/work/shuzhai/shuzhai/ios/App/build/Release-iphoneos
2026-09-05T18:12:01.8871180Z     cd /Users/runner/work/shuzhai/shuzhai/ios/App/App.xcodeproj
2026-09-05T18:12:01.8871950Z     builtin-create-build-directory /Users/runner/work/shuzhai/shuzhai/ios/App/build/Release-iphoneos
2026-09-05T18:12:01.8872680Z 
2026-09-05T18:12:01.8873100Z CreateBuildDirectory /Users/runner/work/shuzhai/shuzhai/ios/App/build/EagerLinkingTBDs/Release-iphoneos
2026-09-05T18:12:01.8874340Z     cd /Users/runner/work/shuzhai/shuzhai/ios/App/App.xcodeproj
2026-09-05T18:12:01.8875000Z     builtin-create-build-directory /Users/runner/work/shuzhai/shuzhai/ios/App/build/EagerLinkingTBDs/Release-iphoneos
2026-09-05T18:12:01.8875400Z 
2026-09-05T18:12:01.8876480Z ProcessXCFramework /Users/runner/work/shuzhai/shuzhai/spm/artifacts/capacitor-swift-pm/Cordova/Cordova.xcframework /Users/runner/work/shuzhai/shuzhai/ios/App/build/Release-iphoneos/Cordova.framework ios
2026-09-05T18:12:01.8877350Z     cd /Users/runner/work/shuzhai/shuzhai/ios/App/App.xcodeproj
2026-09-05T18:12:01.8878520Z     builtin-process-xcframework --xcframework /Users/runner/work/shuzhai/shuzhai/spm/artifacts/capacitor-swift-pm/Cordova/Cordova.xcframework --platform ios --target-path /Users/runner/work/shuzhai/shuzhai/ios/App/build/Release-iphoneos
2026-09-05T18:12:01.8880670Z /Users/runner/work/shuzhai/shuzhai/spm/artifacts/capacitor-swift-pm/Cordova/Cordova.xcframework:1:1: note: The identity of “Cordova.xcframework” is not recorded in your project.
2026-09-05T18:12:01.8881210Z 
2026-09-05T18:12:01.8882510Z ProcessXCFramework /Users/runner/work/shuzhai/shuzhai/spm/artifacts/capacitor-swift-pm/Capacitor/Capacitor.xcframework /Users/runner/work/shuzhai/shuzhai/ios/App/build/Release-iphoneos/Capacitor.framework ios
2026-09-05T18:12:01.8883380Z     cd /Users/runner/work/shuzhai/shuzhai/ios/App/App.xcodeproj
2026-09-05T18:12:01.8884510Z     builtin-process-xcframework --xcframework /Users/runner/work/shuzhai/shuzhai/spm/artifacts/capacitor-swift-pm/Capacitor/Capacitor.xcframework --platform ios --target-path /Users/runner/work/shuzhai/shuzhai/ios/App/build/Release-iphoneos
2026-09-05T18:12:01.8886110Z /Users/runner/work/shuzhai/shuzhai/spm/artifacts/capacitor-swift-pm/Capacitor/Capacitor.xcframework:1:1: note: The identity of “Capacitor.xcframework” is not recorded in your project.
2026-09-05T18:12:01.8886690Z 
2026-09-05T18:12:01.8887260Z CreateBuildDirectory /Users/runner/work/shuzhai/shuzhai/ios/App/build/Release-iphoneos/PackageFrameworks
2026-09-05T18:12:01.8887850Z     cd /Users/runner/work/shuzhai/shuzhai/ios/App/App.xcodeproj
2026-09-05T18:12:01.8888460Z     builtin-create-build-directory /Users/runner/work/shuzhai/shuzhai/ios/App/build/Release-iphoneos/PackageFrameworks
2026-09-05T18:12:01.8888870Z 
2026-09-05T18:12:01.8889270Z CreateBuildDirectory /Users/runner/work/shuzhai/shuzhai/ios/App/CapApp-SPM/build/Release-iphoneos
2026-09-05T18:12:01.8890370Z     cd /Users/runner/work/shuzhai/shuzhai/ios/App/App.xcodeproj
2026-09-05T18:12:01.8890970Z     builtin-create-build-directory /Users/runner/work/shuzhai/shuzhai/ios/App/CapApp-SPM/build/Release-iphoneos
2026-09-05T18:12:01.8891390Z 
2026-09-05T18:12:01.8892460Z ProcessXCFramework /Users/runner/work/shuzhai/shuzhai/spm/artifacts/capacitor-swift-pm/Cordova/Cordova.xcframework /Users/runner/work/shuzhai/shuzhai/ios/App/CapApp-SPM/build/Release-iphoneos/Cordova.framework ios
2026-09-05T18:12:01.8893310Z     cd /Users/runner/work/shuzhai/shuzhai/ios/App/App.xcodeproj
2026-09-05T18:12:01.8894610Z     builtin-process-xcframework --xcframework /Users/runner/work/shuzhai/shuzhai/spm/artifacts/capacitor-swift-pm/Cordova/Cordova.xcframework --platform ios --target-path /Users/runner/work/shuzhai/shuzhai/ios/App/CapApp-SPM/build/Release-iphoneos
2026-09-05T18:12:01.8896210Z /Users/runner/work/shuzhai/shuzhai/spm/artifacts/capacitor-swift-pm/Cordova/Cordova.xcframework:1:1: note: The identity of “Cordova.xcframework” is not recorded in your project.
2026-09-05T18:12:01.8896750Z 
2026-09-05T18:12:01.8897680Z ProcessXCFramework /Users/runner/work/shuzhai/shuzhai/spm/artifacts/capacitor-swift-pm/Capacitor/Capacitor.xcframework /Users/runner/work/shuzhai/shuzhai/ios/App/CapApp-SPM/build/Release-iphoneos/Capacitor.framework ios
2026-09-05T18:12:01.8898780Z     cd /Users/runner/work/shuzhai/shuzhai/ios/App/App.xcodeproj
2026-09-05T18:12:01.8899850Z     builtin-process-xcframework --xcframework /Users/runner/work/shuzhai/shuzhai/spm/artifacts/capacitor-swift-pm/Capacitor/Capacitor.xcframework --platform ios --target-path /Users/runner/work/shuzhai/shuzhai/ios/App/CapApp-SPM/build/Release-iphoneos
2026-09-05T18:12:01.8901490Z /Users/runner/work/shuzhai/shuzhai/spm/artifacts/capacitor-swift-pm/Capacitor/Capacitor.xcframework:1:1: note: The identity of “Capacitor.xcframework” is not recorded in your project.
2026-09-05T18:12:01.8902060Z 
2026-09-05T18:12:01.8902640Z CreateBuildDirectory /Users/runner/work/shuzhai/shuzhai/ios/App/CapApp-SPM/build/Release-iphoneos/PackageFrameworks
2026-09-05T18:12:01.8903680Z     cd /Users/runner/work/shuzhai/shuzhai/ios/App/App.xcodeproj
2026-09-05T18:12:01.8904320Z     builtin-create-build-directory /Users/runner/work/shuzhai/shuzhai/ios/App/CapApp-SPM/build/Release-iphoneos/PackageFrameworks
2026-09-05T18:12:01.8904750Z 
2026-09-05T18:12:01.8905210Z CreateBuildDirectory /Users/runner/work/shuzhai/shuzhai/ios/App/CapApp-SPM/build/EagerLinkingTBDs/Release-iphoneos
2026-09-05T18:12:01.8905750Z     cd /Users/runner/work/shuzhai/shuzhai/ios/App/App.xcodeproj
2026-09-05T18:12:01.8906380Z     builtin-create-build-directory /Users/runner/work/shuzhai/shuzhai/ios/App/CapApp-SPM/build/EagerLinkingTBDs/Release-iphoneos
2026-09-05T18:12:01.8906830Z 
2026-09-05T18:12:01.8908430Z WriteAuxiliaryFile /Users/runner/work/shuzhai/shuzhai/spm/checkouts/text-to-speech/build/CapacitorCommunityTextToSpeech.build/Release-iphoneos/TextToSpeechPlugin.build/TextToSpeechPlugin.modulemap (in target 'TextToSpeechPlugin' from project 'CapacitorCommunityTextToSpeech')
2026-09-05T18:12:01.8909530Z     cd /Users/runner/work/shuzhai/shuzhai/spm/checkouts/text-to-speech
2026-09-05T18:12:01.8910490Z     write-file /Users/runner/work/shuzhai/shuzhai/spm/checkouts/text-to-speech/build/CapacitorCommunityTextToSpeech.build/Release-iphoneos/TextToSpeechPlugin.build/TextToSpeechPlugin.modulemap
2026-09-05T18:12:01.8911100Z 
2026-09-05T18:12:01.8913130Z Copy /Users/runner/work/shuzhai/shuzhai/spm/checkouts/text-to-speech/build/GeneratedModuleMaps-iphoneos/TextToSpeechPlugin.modulemap /Users/runner/work/shuzhai/shuzhai/spm/checkouts/text-to-speech/build/CapacitorCommunityTextToSpeech.build/Release-iphoneos/TextToSpeechPlugin.build/TextToSpeechPlugin.modulemap (in target 'TextToSpeechPlugin' from project 'CapacitorCommunityTextToSpeech')
2026-09-05T18:12:01.8914670Z     cd /Users/runner/work/shuzhai/shuzhai/spm/checkouts/text-to-speech
2026-09-05T18:12:01.8916890Z     builtin-copy -exclude .DS_Store -exclude CVS -exclude .svn -exclude .git -exclude .hg -strip-unsigned-binaries -strip-deterministic -strip-tool /Applications/Xcode_15.4.app/Contents/Developer/Toolchains/XcodeDefault.xctoolchain/usr/bin/strip -resolve-src-symlinks /Users/runner/work/shuzhai/shuzhai/spm/checkouts/text-to-speech/build/CapacitorCommunityTextToSpeech.build/Release-iphoneos/TextToSpeechPlugin.build/TextToSpeechPlugin.modulemap /Users/runner/work/shuzhai/shuzhai/spm/checkouts/text-to-speech/build/GeneratedModuleMaps-iphoneos
2026-09-05T18:12:01.8919220Z 
2026-09-05T18:12:01.8920530Z WriteAuxiliaryFile /Users/runner/work/shuzhai/shuzhai/spm/checkouts/text-to-speech/build/CapacitorCommunityTextToSpeech.build/Release-iphoneos/TextToSpeechPlugin.build/Objects-normal/arm64/TextToSpeechPlugin.LinkFileList (in target 'TextToSpeechPlugin' from project 'CapacitorCommunityTextToSpeech')
2026-09-05T18:12:01.8921900Z     cd /Users/runner/work/shuzhai/shuzhai/spm/checkouts/text-to-speech
2026-09-05T18:12:01.8922920Z     write-file /Users/runner/work/shuzhai/shuzhai/spm/checkouts/text-to-speech/build/CapacitorCommunityTextToSpeech.build/Release-iphoneos/TextToSpeechPlugin.build/Objects-normal/arm64/TextToSpeechPlugin.LinkFileList
2026-09-05T18:12:01.8923640Z 
2026-09-05T18:12:01.8925020Z WriteAuxiliaryFile /Users/runner/work/shuzhai/shuzhai/spm/checkouts/text-to-speech/build/CapacitorCommunityTextToSpeech.build/Release-iphoneos/TextToSpeechPlugin.build/Objects-normal/arm64/TextToSpeechPlugin_const_extract_protocols.json (in target 'TextToSpeechPlugin' from project 'CapacitorCommunityTextToSpeech')
2026-09-05T18:12:01.8926210Z     cd /Users/runner/work/shuzhai/shuzhai/spm/checkouts/text-to-speech
2026-09-05T18:12:01.8927280Z     write-file /Users/runner/work/shuzhai/shuzhai/spm/checkouts/text-to-speech/build/CapacitorCommunityTextToSpeech.build/Release-iphoneos/TextToSpeechPlugin.build/Objects-normal/arm64/TextToSpeechPlugin_const_extract_protocols.json
2026-09-05T18:12:01.8928000Z 
2026-09-05T18:12:01.8929280Z WriteAuxiliaryFile /Users/runner/work/shuzhai/shuzhai/spm/checkouts/text-to-speech/build/CapacitorCommunityTextToSpeech.build/Release-iphoneos/TextToSpeechPlugin.build/Objects-normal/arm64/TextToSpeechPlugin.SwiftFileList (in target 'TextToSpeechPlugin' from project 'CapacitorCommunityTextToSpeech')
2026-09-05T18:12:01.8930510Z     cd /Users/runner/work/shuzhai/shuzhai/spm/checkouts/text-to-speech
2026-09-05T18:12:01.8931540Z     write-file /Users/runner/work/shuzhai/shuzhai/spm/checkouts/text-to-speech/build/CapacitorCommunityTextToSpeech.build/Release-iphoneos/TextToSpeechPlugin.build/Objects-normal/arm64/TextToSpeechPlugin.SwiftFileList
2026-09-05T18:12:01.8932340Z 
2026-09-05T18:12:01.8933960Z WriteAuxiliaryFile /Users/runner/work/shuzhai/shuzhai/spm/checkouts/text-to-speech/build/CapacitorCommunityTextToSpeech.build/Release-iphoneos/TextToSpeechPlugin.build/Objects-normal/arm64/TextToSpeechPlugin-OutputFileMap.json (in target 'TextToSpeechPlugin' from project 'CapacitorCommunityTextToSpeech')
2026-09-05T18:12:01.8935150Z     cd /Users/runner/work/shuzhai/shuzhai/spm/checkouts/text-to-speech
2026-09-05T18:12:01.8936170Z     write-file /Users/runner/work/shuzhai/shuzhai/spm/checkouts/text-to-speech/build/CapacitorCommunityTextToSpeech.build/Release-iphoneos/TextToSpeechPlugin.build/Objects-normal/arm64/TextToSpeechPlugin-OutputFileMap.json
2026-09-05T18:12:01.8936870Z 
2026-09-05T18:12:01.8937520Z SwiftDriver TextToSpeechPlugin normal arm64 com.apple.xcode.tools.swift.compiler (in target 'TextToSpeechPlugin' from project 'CapacitorCommunityTextToSpeech')
2026-09-05T18:12:01.8938270Z     cd /Users/runner/work/shuzhai/shuzhai/spm/checkouts/text-to-speech
2026-09-05T18:12:01.8952750Z     builtin-SwiftDriver -- /Applications/Xcode_15.4.app/Contents/Developer/Toolchains/XcodeDefault.xctoolchain/usr/bin/swiftc -module-name TextToSpeechPlugin -O -whole-module-optimization -enforce-exclusivity\=checked @/Users/runner/work/shuzhai/shuzhai/spm/checkouts/text-to-speech/build/CapacitorCommunityTextToSpeech.build/Release-iphoneos/TextToSpeechPlugin.build/Objects-normal/arm64/TextToSpeechPlugin.SwiftFileList -DSWIFT_PACKAGE -DXcode -sdk /Applications/Xcode_15.4.app/Contents/Developer/Platforms/iPhoneOS.platform/Developer/SDKs/iPhoneOS17.5.sdk -target arm64-apple-ios15.0 -g -Xfrontend -serialize-debugging-options -suppress-warnings -swift-version 5 -I /Users/runner/work/shuzhai/shuzhai/spm/checkouts/text-to-speech/build/Release-iphoneos -I /Applications/Xcode_15.4.app/Contents/Developer/Platforms/iPhoneOS.platform/Developer/usr/lib -F /Users/runner/work/shuzhai/shuzhai/spm/checkouts/text-to-speech/build/Release-iphoneos -F /Applications/Xcode_15.4.app/Contents/Developer/Platforms/iPhoneOS.platform/Developer/Library/Frameworks -F /Applications/Xcode_15.4.app/Contents/Developer/Platforms/iPhoneOS.platform/Developer/SDKs/iPhoneOS17.5.sdk/Developer/Library/Frameworks -c -num-threads 3 -Xcc -ivfsstatcache -Xcc /var/folders/s6/5hzmn6lx4dz5nxs7k_0slzph0000gn/C/com.apple.DeveloperTools/15.4-15F31d/Xcode/SDKStatCaches.noindex/iphoneos17.5-21F77-f0fa7969d082b13145125136a829df3a.sdkstatcache -output-file-map /Users/runner/work/shuzhai/shuzhai/spm/checkouts/text-to-speech/build/CapacitorCommunityTextToSpeech.build/Release-iphoneos/TextToSpeechPlugin.build/Objects-normal/arm64/TextToSpeechPlugin-OutputFileMap.json -use-frontend-parseable-output -save-temps -no-color-diagnostics -serialize-diagnostics -emit-dependencies -emit-module -emit-module-path /Users/runner/work/shuzhai/shuzhai/spm/checkouts/text-to-speech/build/CapacitorCommunityTextToSpeech.build/Release-iphoneos/TextToSpeechPlugin.build/Objects-normal/arm64/TextToSpeechPlugin.swiftmodule -validate-clang-modules-once -clang-build-session-file /var/folders/s6/5hzmn6lx4dz5nxs7k_0slzph0000gn/C/org.llvm.clang/ModuleCache.noindex/Session.modulevalidation -Xfrontend -package-name -Xfrontend text_to_speech -Xcc -I/Users/runner/work/shuzhai/shuzhai/spm/checkouts/text-to-speech/build/CapacitorCommunityTextToSpeech.build/Release-iphoneos/TextToSpeechPlugin.build/swift-overrides.hmap -emit-const-values -Xfrontend -const-gather-protocols-file -Xfrontend /Users/runner/work/shuzhai/shuzhai/spm/checkouts/text-to-speech/build/CapacitorCommunityTextToSpeech.build/Release-iphoneos/TextToSpeechPlugin.build/Objects-normal/arm64/TextToSpeechPlugin_const_extract_protocols.json -Xcc -I/Users/runner/work/shuzhai/shuzhai/spm/checkouts/text-to-speech/build/Release-iphoneos/include -Xcc -I/Users/runner/work/shuzhai/shuzhai/spm/checkouts/text-to-speech/build/CapacitorCommunityTextToSpeech.build/Release-iphoneos/TextToSpeechPlugin.build/DerivedSources-normal/arm64 -Xcc -I/Users/runner/work/shuzhai/shuzhai/spm/checkouts/text-to-speech/build/CapacitorCommunityTextToSpeech.build/Release-iphoneos/TextToSpeechPlugin.build/DerivedSources/arm64 -Xcc -I/Users/runner/work/shuzhai/shuzhai/spm/checkouts/text-to-speech/build/CapacitorCommunityTextToSpeech.build/Release-iphoneos/TextToSpeechPlugin.build/DerivedSources -Xcc -DSWIFT_PACKAGE -emit-objc-header -emit-objc-header-path /Users/runner/work/shuzhai/shuzhai/spm/checkouts/text-to-speech/build/CapacitorCommunityTextToSpeech.build/Release-iphoneos/TextToSpeechPlugin.build/Objects-normal/arm64/TextToSpeechPlugin-Swift.h -working-directory /Users/runner/work/shuzhai/shuzhai/spm/checkouts/text-to-speech -no-emit-module-separately-wmo
2026-09-05T18:12:01.9211280Z 
2026-09-05T18:12:01.9224930Z SwiftDriver\ Compilation TextToSpeechPlugin normal arm64 com.apple.xcode.tools.swift.compiler (in target 'TextToSpeechPlugin' from project 'CapacitorCommunityTextToSpeech')
2026-09-05T18:12:01.9225770Z     cd /Users/runner/work/shuzhai/shuzhai/spm/checkouts/text-to-speech
2026-09-05T18:12:01.9240400Z     builtin-Swift-Compilation -- /Applications/Xcode_15.4.app/Contents/Developer/Toolchains/XcodeDefault.xctoolchain/usr/bin/swiftc -module-name TextToSpeechPlugin -O -whole-module-optimization -enforce-exclusivity\=checked @/Users/runner/work/shuzhai/shuzhai/spm/checkouts/text-to-speech/build/CapacitorCommunityTextToSpeech.build/Release-iphoneos/TextToSpeechPlugin.build/Objects-normal/arm64/TextToSpeechPlugin.SwiftFileList -DSWIFT_PACKAGE -DXcode -sdk /Applications/Xcode_15.4.app/Contents/Developer/Platforms/iPhoneOS.platform/Developer/SDKs/iPhoneOS17.5.sdk -target arm64-apple-ios15.0 -g -Xfrontend -serialize-debugging-options -suppress-warnings -swift-version 5 -I /Users/runner/work/shuzhai/shuzhai/spm/checkouts/text-to-speech/build/Release-iphoneos -I /Applications/Xcode_15.4.app/Contents/Developer/Platforms/iPhoneOS.platform/Developer/usr/lib -F /Users/runner/work/shuzhai/shuzhai/spm/checkouts/text-to-speech/build/Release-iphoneos -F /Applications/Xcode_15.4.app/Contents/Developer/Platforms/iPhoneOS.platform/Developer/Library/Frameworks -F /Applications/Xcode_15.4.app/Contents/Developer/Platforms/iPhoneOS.platform/Developer/SDKs/iPhoneOS17.5.sdk/Developer/Library/Frameworks -c -num-threads 3 -Xcc -ivfsstatcache -Xcc /var/folders/s6/5hzmn6lx4dz5nxs7k_0slzph0000gn/C/com.apple.DeveloperTools/15.4-15F31d/Xcode/SDKStatCaches.noindex/iphoneos17.5-21F77-f0fa7969d082b13145125136a829df3a.sdkstatcache -output-file-map /Users/runner/work/shuzhai/shuzhai/spm/checkouts/text-to-speech/build/CapacitorCommunityTextToSpeech.build/Release-iphoneos/TextToSpeechPlugin.build/Objects-normal/arm64/TextToSpeechPlugin-OutputFileMap.json -use-frontend-parseable-output -save-temps -no-color-diagnostics -serialize-diagnostics -emit-dependencies -emit-module -emit-module-path /Users/runner/work/shuzhai/shuzhai/spm/checkouts/text-to-speech/build/CapacitorCommunityTextToSpeech.build/Release-iphoneos/TextToSpeechPlugin.build/Objects-normal/arm64/TextToSpeechPlugin.swiftmodule -validate-clang-modules-once -clang-build-session-file /var/folders/s6/5hzmn6lx4dz5nxs7k_0slzph0000gn/C/org.llvm.clang/ModuleCache.noindex/Session.modulevalidation -Xfrontend -package-name -Xfrontend text_to_speech -Xcc -I/Users/runner/work/shuzhai/shuzhai/spm/checkouts/text-to-speech/build/CapacitorCommunityTextToSpeech.build/Release-iphoneos/TextToSpeechPlugin.build/swift-overrides.hmap -emit-const-values -Xfrontend -const-gather-protocols-file -Xfrontend /Users/runner/work/shuzhai/shuzhai/spm/checkouts/text-to-speech/build/CapacitorCommunityTextToSpeech.build/Release-iphoneos/TextToSpeechPlugin.build/Objects-normal/arm64/TextToSpeechPlugin_const_extract_protocols.json -Xcc -I/Users/runner/work/shuzhai/shuzhai/spm/checkouts/text-to-speech/build/Release-iphoneos/include -Xcc -I/Users/runner/work/shuzhai/shuzhai/spm/checkouts/text-to-speech/build/CapacitorCommunityTextToSpeech.build/Release-iphoneos/TextToSpeechPlugin.build/DerivedSources-normal/arm64 -Xcc -I/Users/runner/work/shuzhai/shuzhai/spm/checkouts/text-to-speech/build/CapacitorCommunityTextToSpeech.build/Release-iphoneos/TextToSpeechPlugin.build/DerivedSources/arm64 -Xcc -I/Users/runner/work/shuzhai/shuzhai/spm/checkouts/text-to-speech/build/CapacitorCommunityTextToSpeech.build/Release-iphoneos/TextToSpeechPlugin.build/DerivedSources -Xcc -DSWIFT_PACKAGE -emit-objc-header -emit-objc-header-path /Users/runner/work/shuzhai/shuzhai/spm/checkouts/text-to-speech/build/CapacitorCommunityTextToSpeech.build/Release-iphoneos/TextToSpeechPlugin.build/Objects-normal/arm64/TextToSpeechPlugin-Swift.h -working-directory /Users/runner/work/shuzhai/shuzhai/spm/checkouts/text-to-speech -no-emit-module-separately-wmo
2026-09-05T18:12:01.9252090Z 
2026-09-05T18:12:01.9253810Z SwiftCompile normal arm64 Compiling\ TextToSpeech.swift,\ TextToSpeechPlugin.swift /Users/runner/work/shuzhai/shuzhai/spm/checkouts/text-to-speech/ios/Sources/TextToSpeechPlugin/TextToSpeech.swift /Users/runner/work/shuzhai/shuzhai/spm/checkouts/text-to-speech/ios/Sources/TextToSpeechPlugin/TextToSpeechPlugin.swift (in target 'TextToSpeechPlugin' from project 'CapacitorCommunityTextToSpeech')
2026-09-05T18:12:01.9255230Z     cd /Users/runner/work/shuzhai/shuzhai/spm/checkouts/text-to-speech
2026-09-05T18:12:01.9282380Z     builtin-swiftTaskExecution -- /Applications/Xcode_15.4.app/Contents/Developer/Toolchains/XcodeDefault.xctoolchain/usr/bin/swift-frontend -frontend -c /Users/runner/work/shuzhai/shuzhai/spm/checkouts/text-to-speech/ios/Sources/TextToSpeechPlugin/TextToSpeech.swift /Users/runner/work/shuzhai/shuzhai/spm/checkouts/text-to-speech/ios/Sources/TextToSpeechPlugin/TextToSpeechPlugin.swift -emit-module-path /Users/runner/work/shuzhai/shuzhai/spm/checkouts/text-to-speech/build/CapacitorCommunityTextToSpeech.build/Release-iphoneos/TextToSpeechPlugin.build/Objects-normal/arm64/TextToSpeechPlugin.swiftmodule -emit-module-doc-path /Users/runner/work/shuzhai/shuzhai/spm/checkouts/text-to-speech/build/CapacitorCommunityTextToSpeech.build/Release-iphoneos/TextToSpeechPlugin.build/Objects-normal/arm64/TextToSpeechPlugin.swiftdoc -emit-module-source-info-path /Users/runner/work/shuzhai/shuzhai/spm/checkouts/text-to-speech/build/CapacitorCommunityTextToSpeech.build/Release-iphoneos/TextToSpeechPlugin.build/Objects-normal/arm64/TextToSpeechPlugin.swiftsourceinfo -emit-dependencies-path /Users/runner/work/shuzhai/shuzhai/spm/checkouts/text-to-speech/build/CapacitorCommunityTextToSpeech.build/Release-iphoneos/TextToSpeechPlugin.build/Objects-normal/arm64/TextToSpeechPlugin-master.d -emit-const-values-path /Users/runner/work/shuzhai/shuzhai/spm/checkouts/text-to-speech/build/CapacitorCommunityTextToSpeech.build/Release-iphoneos/TextToSpeechPlugin.build/Objects-normal/arm64/TextToSpeechPlugin-master.swiftconstvalues -serialize-diagnostics-path /Users/runner/work/shuzhai/shuzhai/spm/checkouts/text-to-speech/build/CapacitorCommunityTextToSpeech.build/Release-iphoneos/TextToSpeechPlugin.build/Objects-normal/arm64/TextToSpeechPlugin-master.dia -emit-objc-header-path /Users/runner/work/shuzhai/shuzhai/spm/checkouts/text-to-speech/build/CapacitorCommunityTextToSpeech.build/Release-iphoneos/TextToSpeechPlugin.build/Objects-normal/arm64/TextToSpeechPlugin-Swift.h -emit-abi-descriptor-path /Users/runner/work/shuzhai/shuzhai/spm/checkouts/text-to-speech/build/CapacitorCommunityTextToSpeech.build/Release-iphoneos/TextToSpeechPlugin.build/Objects-normal/arm64/TextToSpeechPlugin.abi.json -target arm64-apple-ios15.0 -Xllvm -aarch64-use-tbi -enable-objc-interop -stack-check -sdk /Applications/Xcode_15.4.app/Contents/Developer/Platforms/iPhoneOS.platform/Developer/SDKs/iPhoneOS17.5.sdk -I /Users/runner/work/shuzhai/shuzhai/spm/checkouts/text-to-speech/build/Release-iphoneos -I /Applications/Xcode_15.4.app/Contents/Developer/Platforms/iPhoneOS.platform/Developer/usr/lib -F /Users/runner/work/shuzhai/shuzhai/spm/checkouts/text-to-speech/build/Release-iphoneos -F /Applications/Xcode_15.4.app/Contents/Developer/Platforms/iPhoneOS.platform/Developer/Library/Frameworks -F /Applications/Xcode_15.4.app/Contents/Developer/Platforms/iPhoneOS.platform/Developer/SDKs/iPhoneOS17.5.sdk/Developer/Library/Frameworks -no-color-diagnostics -g -suppress-warnings -swift-version 5 -enforce-exclusivity\=checked -O -D SWIFT_PACKAGE -D Xcode -serialize-debugging-options -package-name text_to_speech -const-gather-protocols-file /Users/runner/work/shuzhai/shuzhai/spm/checkouts/text-to-speech/build/CapacitorCommunityTextToSpeech.build/Release-iphoneos/TextToSpeechPlugin.build/Objects-normal/arm64/TextToSpeechPlugin_const_extract_protocols.json -empty-abi-descriptor -validate-clang-modules-once -clang-build-session-file /var/folders/s6/5hzmn6lx4dz5nxs7k_0slzph0000gn/C/org.llvm.clang/ModuleCache.noindex/Session.modulevalidation -Xcc -working-directory -Xcc /Users/runner/work/shuzhai/shuzhai/spm/checkouts/text-to-speech -resource-dir /Applications/Xcode_15.4.app/Contents/Developer/Toolchains/XcodeDefault.xctoolchain/usr/lib/swift -Xcc -ivfsstatcache -Xcc /var/folders/s6/5hzmn6lx4dz5nxs7k_0slzph0000gn/C/com.apple.DeveloperTools/15.4-15F31d/Xcode/SDKStatCaches.noindex/iphoneos17.5-21F77-f0fa7969d082b13145125136a829df3a.sdkstatcache -Xcc -I/Users/runner/work/shuzhai/shuzhai/spm/checkouts/text-to-speech/build/CapacitorCommunityTextToSpeech.build/Release-iphoneos/TextToSpeechPlugin.build/swift-overrides.hmap -Xcc -I/Users/runner/work/shuzhai/shuzhai/spm/checkouts/text-to-speech/build/Release-iphoneos/include -Xcc -I/Users/runner/work/shuzhai/shuzhai/spm/checkouts/text-to-speech/build/CapacitorCommunityTextToSpeech.build/Release-iphoneos/TextToSpeechPlugin.build/DerivedSources-normal/arm64 -Xcc -I/Users/runner/work/shuzhai/shuzhai/spm/checkouts/text-to-speech/build/CapacitorCommunityTextToSpeech.build/Release-iphoneos/TextToSpeechPlugin.build/DerivedSources/arm64 -Xcc -I/Users/runner/work/shuzhai/shuzhai/spm/checkouts/text-to-speech/build/CapacitorCommunityTextToSpeech.build/Release-iphoneos/TextToSpeechPlugin.build/DerivedSources -Xcc -DSWIFT_PACKAGE -module-name TextToSpeechPlugin -frontend-parseable-output -disable-clang-spi -target-sdk-version 17.5 -target-sdk-name iphoneos17.5 -external-plugin-path /Applications/Xcode_15.4.app/Contents/Developer/Platforms/iPhoneOS.platform/Developer/SDKs/iPhoneOS17.5.sdk/usr/lib/swift/host/plugins\#/Applications/Xcode_15.4.app/Contents/Developer/Platforms/iPhoneOS.platform/Developer/SDKs/iPhoneOS17.5.sdk/usr/bin/swift-plugin-server -external-plugin-path /Applications/Xcode_15.4.app/Contents/Developer/Platforms/iPhoneOS.platform/Developer/SDKs/iPhoneOS17.5.sdk/usr/local/lib/swift/host/plugins\#/Applications/Xcode_15.4.app/Contents/Developer/Platforms/iPhoneOS.platform/Developer/SDKs/iPhoneOS17.5.sdk/usr/bin/swift-plugin-server -external-plugin-path /Applications/Xcode_15.4.app/Contents/Developer/Platforms/iPhoneOS.platform/Developer/usr/lib/swift/host/plugins\#/Applications/Xcode_15.4.app/Contents/Developer/Platforms/iPhoneOS.platform/Developer/usr/bin/swift-plugin-server -external-plugin-path /Applications/Xcode_15.4.app/Contents/Developer/Platforms/iPhoneOS.platform/Developer/usr/local/lib/swift/host/plugins\#/Applications/Xcode_15.4.app/Contents/Developer/Platforms/iPhoneOS.platform/Developer/usr/bin/swift-plugin-server -plugin-path /Applications/Xcode_15.4.app/Contents/Developer/Toolchains/XcodeDefault.xctoolchain/usr/lib/swift/host/plugins -plugin-path /Applications/Xcode_15.4.app/Contents/Developer/Toolchains/XcodeDefault.xctoolchain/usr/local/lib/swift/host/plugins -enable-default-cmo -num-threads 3 -o /Users/runner/work/shuzhai/shuzhai/spm/checkouts/text-to-speech/build/CapacitorCommunityTextToSpeech.build/Release-iphoneos/TextToSpeechPlugin.build/Objects-normal/arm64/TextToSpeech.o -o /Users/runner/work/shuzhai/shuzhai/spm/checkouts/text-to-speech/build/CapacitorCommunityTextToSpeech.build/Release-iphoneos/TextToSpeechPlugin.build/Objects-normal/arm64/TextToSpeechPlugin.o -index-unit-output-path /CapacitorCommunityTextToSpeech.build/Release-iphoneos/TextToSpeechPlugin.build/Objects-normal/arm64/TextToSpeech.o -index-unit-output-path /CapacitorCommunityTextToSpeech.build/Release-iphoneos/TextToSpeechPlugin.build/Objects-normal/arm64/TextToSpeechPlugin.o
2026-09-05T18:12:01.9595900Z 
2026-09-05T18:12:01.9596510Z CompileSwift normal arm64 (in target 'TextToSpeechPlugin' from project 'CapacitorCommunityTextToSpeech')
2026-09-05T18:12:01.9597280Z     cd /Users/runner/work/shuzhai/shuzhai/spm/checkouts/text-to-speech
2026-09-05T18:12:01.9624130Z     /Applications/Xcode_15.4.app/Contents/Developer/Toolchains/XcodeDefault.xctoolchain/usr/bin/swift-frontend -c /Users/runner/work/shuzhai/shuzhai/spm/checkouts/text-to-speech/ios/Sources/TextToSpeechPlugin/TextToSpeech.swift /Users/runner/work/shuzhai/shuzhai/spm/checkouts/text-to-speech/ios/Sources/TextToSpeechPlugin/TextToSpeechPlugin.swift -emit-module-path /Users/runner/work/shuzhai/shuzhai/spm/checkouts/text-to-speech/build/CapacitorCommunityTextToSpeech.build/Release-iphoneos/TextToSpeechPlugin.build/Objects-normal/arm64/TextToSpeechPlugin.swiftmodule -emit-module-doc-path /Users/runner/work/shuzhai/shuzhai/spm/checkouts/text-to-speech/build/CapacitorCommunityTextToSpeech.build/Release-iphoneos/TextToSpeechPlugin.build/Objects-normal/arm64/TextToSpeechPlugin.swiftdoc -emit-module-source-info-path /Users/runner/work/shuzhai/shuzhai/spm/checkouts/text-to-speech/build/CapacitorCommunityTextToSpeech.build/Release-iphoneos/TextToSpeechPlugin.build/Objects-normal/arm64/TextToSpeechPlugin.swiftsourceinfo -emit-dependencies-path /Users/runner/work/shuzhai/shuzhai/spm/checkouts/text-to-speech/build/CapacitorCommunityTextToSpeech.build/Release-iphoneos/TextToSpeechPlugin.build/Objects-normal/arm64/TextToSpeechPlugin-master.d -emit-const-values-path /Users/runner/work/shuzhai/shuzhai/spm/checkouts/text-to-speech/build/CapacitorCommunityTextToSpeech.build/Release-iphoneos/TextToSpeechPlugin.build/Objects-normal/arm64/TextToSpeechPlugin-master.swiftconstvalues -serialize-diagnostics-path /Users/runner/work/shuzhai/shuzhai/spm/checkouts/text-to-speech/build/CapacitorCommunityTextToSpeech.build/Release-iphoneos/TextToSpeechPlugin.build/Objects-normal/arm64/TextToSpeechPlugin-master.dia -emit-objc-header-path /Users/runner/work/shuzhai/shuzhai/spm/checkouts/text-to-speech/build/CapacitorCommunityTextToSpeech.build/Release-iphoneos/TextToSpeechPlugin.build/Objects-normal/arm64/TextToSpeechPlugin-Swift.h -emit-abi-descriptor-path /Users/runner/work/shuzhai/shuzhai/spm/checkouts/text-to-speech/build/CapacitorCommunityTextToSpeech.build/Release-iphoneos/TextToSpeechPlugin.build/Objects-normal/arm64/TextToSpeechPlugin.abi.json -target arm64-apple-ios15.0 -Xllvm -aarch64-use-tbi -enable-objc-interop -stack-check -sdk /Applications/Xcode_15.4.app/Contents/Developer/Platforms/iPhoneOS.platform/Developer/SDKs/iPhoneOS17.5.sdk -I /Users/runner/work/shuzhai/shuzhai/spm/checkouts/text-to-speech/build/Release-iphoneos -I /Applications/Xcode_15.4.app/Contents/Developer/Platforms/iPhoneOS.platform/Developer/usr/lib -F /Users/runner/work/shuzhai/shuzhai/spm/checkouts/text-to-speech/build/Release-iphoneos -F /Applications/Xcode_15.4.app/Contents/Developer/Platforms/iPhoneOS.platform/Developer/Library/Frameworks -F /Applications/Xcode_15.4.app/Contents/Developer/Platforms/iPhoneOS.platform/Developer/SDKs/iPhoneOS17.5.sdk/Developer/Library/Frameworks -no-color-diagnostics -g -suppress-warnings -swift-version 5 -enforce-exclusivity\=checked -O -D SWIFT_PACKAGE -D Xcode -serialize-debugging-options -package-name text_to_speech -const-gather-protocols-file /Users/runner/work/shuzhai/shuzhai/spm/checkouts/text-to-speech/build/CapacitorCommunityTextToSpeech.build/Release-iphoneos/TextToSpeechPlugin.build/Objects-normal/arm64/TextToSpeechPlugin_const_extract_protocols.json -empty-abi-descriptor -validate-clang-modules-once -clang-build-session-file /var/folders/s6/5hzmn6lx4dz5nxs7k_0slzph0000gn/C/org.llvm.clang/ModuleCache.noindex/Session.modulevalidation -Xcc -working-directory -Xcc /Users/runner/work/shuzhai/shuzhai/spm/checkouts/text-to-speech -resource-dir /Applications/Xcode_15.4.app/Contents/Developer/Toolchains/XcodeDefault.xctoolchain/usr/lib/swift -Xcc -ivfsstatcache -Xcc /var/folders/s6/5hzmn6lx4dz5nxs7k_0slzph0000gn/C/com.apple.DeveloperTools/15.4-15F31d/Xcode/SDKStatCaches.noindex/iphoneos17.5-21F77-f0fa7969d082b13145125136a829df3a.sdkstatcache -Xcc -I/Users/runner/work/shuzhai/shuzhai/spm/checkouts/text-to-speech/build/CapacitorCommunityTextToSpeech.build/Release-iphoneos/TextToSpeechPlugin.build/swift-overrides.hmap -Xcc -I/Users/runner/work/shuzhai/shuzhai/spm/checkouts/text-to-speech/build/Release-iphoneos/include -Xcc -I/Users/runner/work/shuzhai/shuzhai/spm/checkouts/text-to-speech/build/CapacitorCommunityTextToSpeech.build/Release-iphoneos/TextToSpeechPlugin.build/DerivedSources-normal/arm64 -Xcc -I/Users/runner/work/shuzhai/shuzhai/spm/checkouts/text-to-speech/build/CapacitorCommunityTextToSpeech.build/Release-iphoneos/TextToSpeechPlugin.build/DerivedSources/arm64 -Xcc -I/Users/runner/work/shuzhai/shuzhai/spm/checkouts/text-to-speech/build/CapacitorCommunityTextToSpeech.build/Release-iphoneos/TextToSpeechPlugin.build/DerivedSources -Xcc -DSWIFT_PACKAGE -module-name TextToSpeechPlugin -frontend-parseable-output -disable-clang-spi -target-sdk-version 17.5 -target-sdk-name iphoneos17.5 -external-plugin-path /Applications/Xcode_15.4.app/Contents/Developer/Platforms/iPhoneOS.platform/Developer/SDKs/iPhoneOS17.5.sdk/usr/lib/swift/host/plugins\#/Applications/Xcode_15.4.app/Contents/Developer/Platforms/iPhoneOS.platform/Developer/SDKs/iPhoneOS17.5.sdk/usr/bin/swift-plugin-server -external-plugin-path /Applications/Xcode_15.4.app/Contents/Developer/Platforms/iPhoneOS.platform/Developer/SDKs/iPhoneOS17.5.sdk/usr/local/lib/swift/host/plugins\#/Applications/Xcode_15.4.app/Contents/Developer/Platforms/iPhoneOS.platform/Developer/SDKs/iPhoneOS17.5.sdk/usr/bin/swift-plugin-server -external-plugin-path /Applications/Xcode_15.4.app/Contents/Developer/Platforms/iPhoneOS.platform/Developer/usr/lib/swift/host/plugins\#/Applications/Xcode_15.4.app/Contents/Developer/Platforms/iPhoneOS.platform/Developer/usr/bin/swift-plugin-server -external-plugin-path /Applications/Xcode_15.4.app/Contents/Developer/Platforms/iPhoneOS.platform/Developer/usr/local/lib/swift/host/plugins\#/Applications/Xcode_15.4.app/Contents/Developer/Platforms/iPhoneOS.platform/Developer/usr/bin/swift-plugin-server -plugin-path /Applications/Xcode_15.4.app/Contents/Developer/Toolchains/XcodeDefault.xctoolchain/usr/lib/swift/host/plugins -plugin-path /Applications/Xcode_15.4.app/Contents/Developer/Toolchains/XcodeDefault.xctoolchain/usr/local/lib/swift/host/plugins -enable-default-cmo -num-threads 3 -o /Users/runner/work/shuzhai/shuzhai/spm/checkouts/text-to-speech/build/CapacitorCommunityTextToSpeech.build/Release-iphoneos/TextToSpeechPlugin.build/Objects-normal/arm64/TextToSpeech.o -o /Users/runner/work/shuzhai/shuzhai/spm/checkouts/text-to-speech/build/CapacitorCommunityTextToSpeech.build/Release-iphoneos/TextToSpeechPlugin.build/Objects-normal/arm64/TextToSpeechPlugin.o -index-unit-output-path /CapacitorCommunityTextToSpeech.build/Release-iphoneos/TextToSpeechPlugin.build/Objects-normal/arm64/TextToSpeech.o -index-unit-output-path /CapacitorCommunityTextToSpeech.build/Release-iphoneos/TextToSpeechPlugin.build/Objects-normal/arm64/TextToSpeechPlugin.o
2026-09-05T18:12:08.4156320Z /Users/runner/work/shuzhai/shuzhai/spm/checkouts/text-to-speech/ios/Sources/TextToSpeechPlugin/TextToSpeechPlugin.swift:26:41: error: missing argument for parameter #2 in call
2026-09-05T18:12:08.4157620Z         let text = call.getString("text") ?? ""
2026-09-05T18:12:08.4158020Z                                         ^
2026-09-05T18:12:08.4158340Z                                         , <#String#>
2026-09-05T18:12:08.4158780Z Capacitor.JSStringContainer:2:17: note: 'getString' declared here
2026-09-05T18:12:08.4159230Z     public func getString(_ key: String, _ defaultValue: String) -> String
2026-09-05T18:12:08.4159600Z                 ^
2026-09-05T18:12:08.4160410Z /Users/runner/work/shuzhai/shuzhai/spm/checkouts/text-to-speech/ios/Sources/TextToSpeechPlugin/TextToSpeechPlugin.swift:27:41: error: missing argument for parameter #2 in call
2026-09-05T18:12:08.4161160Z         let lang = call.getString("lang") ?? "en-US"
2026-09-05T18:12:08.4161460Z                                         ^
2026-09-05T18:12:08.4161720Z                                         , <#String#>
2026-09-05T18:12:08.4162120Z Capacitor.JSStringContainer:2:17: note: 'getString' declared here
2026-09-05T18:12:08.4162560Z     public func getString(_ key: String, _ defaultValue: String) -> String
2026-09-05T18:12:08.4162990Z                 ^
2026-09-05T18:12:08.4164990Z /Users/runner/work/shuzhai/shuzhai/spm/checkouts/text-to-speech/ios/Sources/TextToSpeechPlugin/TextToSpeechPlugin.swift:28:40: error: missing argument for parameter #2 in call
2026-09-05T18:12:08.4165940Z         let rate = call.getFloat("rate") ?? 1.0
2026-09-05T18:12:08.4166250Z                                        ^
2026-09-05T18:12:08.4166570Z                                        , <#Float#>
2026-09-05T18:12:08.4166950Z Capacitor.JSFloatContainer:2:17: note: 'getFloat' declared here
2026-09-05T18:12:08.4167620Z     public func getFloat(_ key: String, _ defaultValue: Float) -> Float
2026-09-05T18:12:08.4168130Z                 ^
2026-09-05T18:12:08.4168960Z /Users/runner/work/shuzhai/shuzhai/spm/checkouts/text-to-speech/ios/Sources/TextToSpeechPlugin/TextToSpeechPlugin.swift:29:42: error: missing argument for parameter #2 in call
2026-09-05T18:12:08.4169730Z         let pitch = call.getFloat("pitch") ?? 1.0
2026-09-05T18:12:08.4169990Z                                          ^
2026-09-05T18:12:08.4170300Z                                          , <#Float#>
2026-09-05T18:12:08.4170690Z Capacitor.JSFloatContainer:2:17: note: 'getFloat' declared here
2026-09-05T18:12:08.4171910Z     public func getFloat(_ key: String, _ defaultValue: Float) -> Float
2026-09-05T18:12:08.4172220Z                 ^
2026-09-05T18:12:08.4173050Z /Users/runner/work/shuzhai/shuzhai/spm/checkouts/text-to-speech/ios/Sources/TextToSpeechPlugin/TextToSpeechPlugin.swift:30:44: error: missing argument for parameter #2 in call
2026-09-05T18:12:08.4173750Z         let volume = call.getFloat("volume") ?? 1.0
2026-09-05T18:12:08.4174120Z                                            ^
2026-09-05T18:12:08.4174390Z                                            , <#Float#>
2026-09-05T18:12:08.4174780Z Capacitor.JSFloatContainer:2:17: note: 'getFloat' declared here
2026-09-05T18:12:08.4175400Z     public func getFloat(_ key: String, _ defaultValue: Float) -> Float
2026-09-05T18:12:08.4175690Z                 ^
2026-09-05T18:12:08.4176530Z /Users/runner/work/shuzhai/shuzhai/spm/checkouts/text-to-speech/ios/Sources/TextToSpeechPlugin/TextToSpeechPlugin.swift:31:40: error: missing argument for parameter #2 in call
2026-09-05T18:12:08.4177240Z         let voice = call.getInt("voice") ?? -1
2026-09-05T18:12:08.4177530Z                                        ^
2026-09-05T18:12:08.4177830Z                                        , <#Int#>
2026-09-05T18:12:08.4178310Z Capacitor.JSIntContainer:2:17: note: 'getInt' declared here
2026-09-05T18:12:08.4178870Z     public func getInt(_ key: String, _ defaultValue: Int) -> Int
2026-09-05T18:12:08.4179200Z                 ^
2026-09-05T18:12:08.4180070Z /Users/runner/work/shuzhai/shuzhai/spm/checkouts/text-to-speech/ios/Sources/TextToSpeechPlugin/TextToSpeechPlugin.swift:32:49: error: missing argument for parameter #2 in call
2026-09-05T18:12:08.4180890Z         let category = call.getString("category") ?? "ambient"
2026-09-05T18:12:08.4181200Z                                                 ^
2026-09-05T18:12:08.4181490Z                                                 , <#String#>
2026-09-05T18:12:08.4181940Z Capacitor.JSStringContainer:2:17: note: 'getString' declared here
2026-09-05T18:12:08.4182370Z     public func getString(_ key: String, _ defaultValue: String) -> String
2026-09-05T18:12:08.4182660Z                 ^
2026-09-05T18:12:08.4183450Z /Users/runner/work/shuzhai/shuzhai/spm/checkouts/text-to-speech/ios/Sources/TextToSpeechPlugin/TextToSpeechPlugin.swift:33:56: error: missing argument for parameter #2 in call
2026-09-05T18:12:08.4184290Z         let queueStrategy = call.getInt("queueStrategy") ?? 0
2026-09-05T18:12:08.4184700Z                                                        ^
2026-09-05T18:12:08.4184990Z                                                        , <#Int#>
2026-09-05T18:12:08.4185400Z Capacitor.JSIntContainer:2:17: note: 'getInt' declared here
2026-09-05T18:12:08.4185840Z     public func getInt(_ key: String, _ defaultValue: Int) -> Int
2026-09-05T18:12:08.4186320Z                 ^
2026-09-05T18:12:08.4187290Z /Users/runner/work/shuzhai/shuzhai/spm/checkouts/text-to-speech/ios/Sources/TextToSpeechPlugin/TextToSpeechPlugin.swift:37:18: error: value of type 'CAPPluginCall' has no member 'reject'
2026-09-05T18:12:08.4188120Z             call.reject(TextToSpeechPlugin.errorUnsupportedLanguage)
2026-09-05T18:12:08.4188420Z             ~~~~ ^~~~~~
2026-09-05T18:12:08.4189260Z /Users/runner/work/shuzhai/shuzhai/spm/checkouts/text-to-speech/ios/Sources/TextToSpeechPlugin/TextToSpeechPlugin.swift:44:18: error: value of type 'CAPPluginCall' has no member 'reject'
2026-09-05T18:12:08.4189960Z             call.reject(error.localizedDescription)
2026-09-05T18:12:08.4190200Z             ~~~~ ^~~~~~
2026-09-05T18:12:08.4191000Z /Users/runner/work/shuzhai/shuzhai/spm/checkouts/text-to-speech/ios/Sources/TextToSpeechPlugin/TextToSpeechPlugin.swift:85:41: error: missing argument for parameter #2 in call
2026-09-05T18:12:08.4191660Z         let lang = call.getString("lang") ?? ""
2026-09-05T18:12:08.4191930Z                                         ^
2026-09-05T18:12:08.4192180Z                                         , <#String#>
2026-09-05T18:12:08.4192740Z Capacitor.JSStringContainer:2:17: note: 'getString' declared here
2026-09-05T18:12:08.4193170Z     public func getString(_ key: String, _ defaultValue: String) -> String
2026-09-05T18:12:08.4193460Z                 ^
2026-09-05T18:12:08.4193560Z 
2026-09-05T18:12:08.4323640Z ** BUILD FAILED **
2026-09-05T18:12:08.4324200Z 
2026-09-05T18:12:08.4324330Z 
2026-09-05T18:12:08.4324600Z The following build commands failed:
2026-09-05T18:12:08.4325320Z 	CompileSwift normal arm64 (in target 'TextToSpeechPlugin' from project 'CapacitorCommunityTextToSpeech')
2026-09-05T18:12:08.4328440Z 	SwiftCompile normal arm64 Compiling\ TextToSpeech.swift,\ TextToSpeechPlugin.swift /Users/runner/work/shuzhai/shuzhai/spm/checkouts/text-to-speech/ios/Sources/TextToSpeechPlugin/TextToSpeech.swift /Users/runner/work/shuzhai/shuzhai/spm/checkouts/text-to-speech/ios/Sources/TextToSpeechPlugin/TextToSpeechPlugin.swift (in target 'TextToSpeechPlugin' from project 'CapacitorCommunityTextToSpeech')
2026-09-05T18:12:08.4330300Z (2 failures)
2026-09-05T18:12:08.4501020Z ##[error]Process completed with exit code 65.
2026-09-05T18:12:08.4576540Z ##[group]Run {
2026-09-05T18:12:08.4576780Z [36;1m{[0m
2026-09-05T18:12:08.4576940Z [36;1m  echo "=== xcodebuild.log 全量 ==="[0m
2026-09-05T18:12:08.4577240Z [36;1m  cat xcodebuild.log 2>/dev/null | tr '\n' '|' | fold -w 640[0m
2026-09-05T18:12:08.4577520Z [36;1m  echo ""[0m
2026-09-05T18:12:08.4577690Z [36;1m  echo "=== diag_list.log 全量 ==="[0m
2026-09-05T18:12:08.4577960Z [36;1m  cat diag_list.log 2>/dev/null | tr '\n' '|' | fold -w 640[0m
2026-09-05T18:12:08.4578230Z [36;1m  echo ""[0m
2026-09-05T18:12:08.4578400Z [36;1m  echo "=== diag_swift.log 全量 ==="[0m
2026-09-05T18:12:08.4578680Z [36;1m  cat diag_swift.log 2>/dev/null | tr '\n' '|' | fold -w 640[0m
2026-09-05T18:12:08.4578940Z [36;1m  echo ""[0m
2026-09-05T18:12:08.4579110Z [36;1m  echo "=== resolve.log 尾部 ==="[0m
2026-09-05T18:12:08.4579380Z [36;1m  tail -12 resolve.log 2>/dev/null | tr '\n' '|' | fold -w 640[0m
2026-09-05T18:12:08.4579660Z [36;1m  echo ""[0m
2026-09-05T18:12:08.4579980Z [36;1m} | head -14 | sed 's/^/::error::/' || true[0m
2026-09-05T18:12:08.4772650Z shell: /bin/bash -e {0}
2026-09-05T18:12:08.4772910Z ##[endgroup]
2026-09-05T18:12:08.5296960Z ##[error]=== xcodebuild.log 全量 ===
2026-09-05T18:12:08.5298380Z fold: stdout: Broken pipe
2026-09-05T18:12:08.5298960Z /Users/runner/work/_temp/11c48ef4-53a0-4bcd-a83d-86d21ed80d6b.sh: line 4: echo: write error: Broken pipe
2026-09-05T18:12:08.5299700Z /Users/runner/work/_temp/11c48ef4-53a0-4bcd-a83d-86d21ed80d6b.sh: line 5: echo: write error: Broken pipe
2026-09-05T18:12:08.5304090Z ##[error]Command line invocation:|    /Applications/Xcode_15.4.app/Contents/Developer/usr/bin/xcodebuild -project App.xcodeproj -target App -configuration Release -sdk iphoneos -clonedSourcePackagesDirPath /Users/runner/work/shuzhai/shuzhai/spm CODE_SIGNING_ALLOWED=NO CODE_SIGNING_REQUIRED=NO||User defaults from command line:|    IDEClonedSourcePackagesDirPathOverride = /Users/runner/work/shuzhai/shuzhai/spm|    IDEPackageSupportUseBuiltinSCM = YES||Build settings from command line:|    CODE_SIGNING_ALLOWED = NO|    CODE_SIGNING_REQUIRED = NO|    SDKROOT = iphoneos17.5||Resolve Package Graph||Fetching from https://github.com/ionic-team/capac
2026-09-05T18:12:08.5310280Z ##[error]itor-swift-pm.git (cached)||Fetching from https://github.com/capacitor-community/text-to-speech.git (cached)||Creating working copy of package ‘capacitor-swift-pm’||Checking out 8.5.1 of package ‘capacitor-swift-pm’||Creating working copy of package ‘text-to-speech’||Checking out 8.0.2 of package ‘text-to-speech’|||Resolved source packages:|  capacitor-swift-pm: https://github.com/ionic-team/capacitor-swift-pm.git @ 8.5.1|  CapApp-SPM: /Users/runner/work/shuzhai/shuzhai/ios/App/CapApp-SPM @ local|  CapacitorCommunityTextToSpeech: https://github.com/capacitor-community/text-to-speech.git @ 8.0.2||ComputeTargetDependencyGraph|warning:
2026-09-05T18:12:08.5319410Z ##[error] Building targets in manual order is deprecated - check "Parallelize build for command-line builds" in the project editor, or set DISABLE_MANUAL_TARGET_ORDER_BUILD_WARNING in any of the targets in the current build to suppress this warning|note: Target dependency graph (7 targets)|    Target 'App' in project 'App'|        ➜ Explicit dependency on target 'CapApp-SPM' in project 'CapApp-SPM'|    Target 'CapApp-SPM' in project 'CapApp-SPM'|        ➜ Explicit dependency on target 'CapApp-SPM' in project 'CapApp-SPM'|        ➜ Explicit dependency on target 'Capacitor' in project 'capacitor-swift-pm'|        ➜ Explicit dependency on targe
2026-09-05T18:12:08.5326070Z ##[error]t 'Cordova' in project 'capacitor-swift-pm'|        ➜ Explicit dependency on target 'CapacitorCommunityTextToSpeech' in project 'CapacitorCommunityTextToSpeech'|    Target 'CapApp-SPM' in project 'CapApp-SPM'|        ➜ Explicit dependency on target 'Capacitor' in project 'capacitor-swift-pm'|        ➜ Explicit dependency on target 'Cordova' in project 'capacitor-swift-pm'|        ➜ Explicit dependency on target 'CapacitorCommunityTextToSpeech' in project 'CapacitorCommunityTextToSpeech'|    Target 'CapacitorCommunityTextToSpeech' in project 'CapacitorCommunityTextToSpeech'|        ➜ Explicit dependency on target 'TextToSpeechPlugin'
2026-09-05T18:12:08.5332200Z ##[error] in project 'CapacitorCommunityTextToSpeech'|        ➜ Explicit dependency on target 'Capacitor' in project 'capacitor-swift-pm'|        ➜ Explicit dependency on target 'Cordova' in project 'capacitor-swift-pm'|    Target 'TextToSpeechPlugin' in project 'CapacitorCommunityTextToSpeech'|        ➜ Explicit dependency on target 'Capacitor' in project 'capacitor-swift-pm'|        ➜ Explicit dependency on target 'Cordova' in project 'capacitor-swift-pm'|    Target 'Cordova' in project 'capacitor-swift-pm' (no dependencies)|    Target 'Capacitor' in project 'capacitor-swift-pm' (no dependencies)||GatherProvisioningInputs||CreateBuildDescr
2026-09-05T18:12:08.5338310Z ##[error]iption||ExecuteExternalTool /Applications/Xcode_15.4.app/Contents/Developer/Toolchains/XcodeDefault.xctoolchain/usr/bin/swiftc -v||ExecuteExternalTool /Applications/Xcode_15.4.app/Contents/Developer/usr/bin/actool --print-asset-tag-combinations --output-format xml1 /Users/runner/work/shuzhai/shuzhai/ios/App/App/Assets.xcassets||ExecuteExternalTool /Applications/Xcode_15.4.app/Contents/Developer/Toolchains/XcodeDefault.xctoolchain/usr/bin/clang -v -E -dM -isysroot /Applications/Xcode_15.4.app/Contents/Developer/Platforms/iPhoneOS.platform/Developer/SDKs/iPhoneOS17.5.sdk -x c -c /dev/null||ExecuteExternalTool /Applications/Xcode_15.4.
2026-09-05T18:12:08.5344390Z ##[error]app/Contents/Developer/usr/bin/ibtool --version --output-format xml1||ExecuteExternalTool /Applications/Xcode_15.4.app/Contents/Developer/Toolchains/XcodeDefault.xctoolchain/usr/bin/ld -version_details||ExecuteExternalTool /Applications/Xcode_15.4.app/Contents/Developer/usr/bin/actool --version --output-format xml1||Build description signature: ee3aee7ab1270e2299d7c4463997c4ec|Build description path: /Users/runner/work/shuzhai/shuzhai/ios/App/build/XCBuildData/ee3aee7ab1270e2299d7c4463997c4ec.xcbuilddata|CreateBuildDirectory /Users/runner/work/shuzhai/shuzhai/spm/checkouts/text-to-speech/build|    cd /Users/runner/work/shuzhai/shuzh
2026-09-05T18:12:08.5350410Z ##[error]ai/ios/App/App.xcodeproj|    builtin-create-build-directory /Users/runner/work/shuzhai/shuzhai/spm/checkouts/text-to-speech/build||CreateBuildDirectory /Users/runner/work/shuzhai/shuzhai/ios/App/CapApp-SPM/build|    cd /Users/runner/work/shuzhai/shuzhai/ios/App/App.xcodeproj|    builtin-create-build-directory /Users/runner/work/shuzhai/shuzhai/ios/App/CapApp-SPM/build||CreateBuildDirectory /Users/runner/work/shuzhai/shuzhai/ios/App/build|    cd /Users/runner/work/shuzhai/shuzhai/ios/App/App.xcodeproj|    builtin-create-build-directory /Users/runner/work/shuzhai/shuzhai/ios/App/build||ClangStatCache /Applications/Xcode_15.4.app/Conte
2026-09-05T18:12:08.5357150Z ##[error]nts/Developer/Toolchains/XcodeDefault.xctoolchain/usr/bin/clang-stat-cache /Applications/Xcode_15.4.app/Contents/Developer/Platforms/iPhoneOS.platform/Developer/SDKs/iPhoneOS17.5.sdk /var/folders/s6/5hzmn6lx4dz5nxs7k_0slzph0000gn/C/com.apple.DeveloperTools/15.4-15F31d/Xcode/SDKStatCaches.noindex/iphoneos17.5-21F77-f0fa7969d082b13145125136a829df3a.sdkstatcache|    cd /Users/runner/work/shuzhai/shuzhai/ios/App/App.xcodeproj|    /Applications/Xcode_15.4.app/Contents/Developer/Toolchains/XcodeDefault.xctoolchain/usr/bin/clang-stat-cache /Applications/Xcode_15.4.app/Contents/Developer/Platforms/iPhoneOS.platform/Developer/SDKs/iPhoneOS17
2026-09-05T18:12:08.5363690Z ##[error].5.sdk -o /var/folders/s6/5hzmn6lx4dz5nxs7k_0slzph0000gn/C/com.apple.DeveloperTools/15.4-15F31d/Xcode/SDKStatCaches.noindex/iphoneos17.5-21F77-f0fa7969d082b13145125136a829df3a.sdkstatcache||CreateBuildDirectory /Users/runner/work/shuzhai/shuzhai/spm/checkouts/text-to-speech/build/Release-iphoneos|    cd /Users/runner/work/shuzhai/shuzhai/ios/App/App.xcodeproj|    builtin-create-build-directory /Users/runner/work/shuzhai/shuzhai/spm/checkouts/text-to-speech/build/Release-iphoneos||CreateBuildDirectory /Users/runner/work/shuzhai/shuzhai/spm/checkouts/text-to-speech/build/EagerLinkingTBDs/Release-iphoneos|    cd /Users/runner/work/shuz
2026-09-05T18:12:08.5370220Z ##[error]hai/shuzhai/ios/App/App.xcodeproj|    builtin-create-build-directory /Users/runner/work/shuzhai/shuzhai/spm/checkouts/text-to-speech/build/EagerLinkingTBDs/Release-iphoneos||ProcessXCFramework /Users/runner/work/shuzhai/shuzhai/spm/artifacts/capacitor-swift-pm/Cordova/Cordova.xcframework /Users/runner/work/shuzhai/shuzhai/spm/checkouts/text-to-speech/build/Release-iphoneos/Cordova.framework ios|    cd /Users/runner/work/shuzhai/shuzhai/ios/App/App.xcodeproj|    builtin-process-xcframework --xcframework /Users/runner/work/shuzhai/shuzhai/spm/artifacts/capacitor-swift-pm/Cordova/Cordova.xcframework --platform ios --target-path /Users/
2026-09-05T18:12:08.5376890Z ##[error]runner/work/shuzhai/shuzhai/spm/checkouts/text-to-speech/build/Release-iphoneos|/Users/runner/work/shuzhai/shuzhai/spm/artifacts/capacitor-swift-pm/Cordova/Cordova.xcframework:1:1: note: The identity of “Cordova.xcframework” is not recorded in your project.||ProcessXCFramework /Users/runner/work/shuzhai/shuzhai/spm/artifacts/capacitor-swift-pm/Cordova/Cordova.xcframework /Users/runner/work/shuzhai/shuzhai/spm/checkouts/capacitor-swift-pm/build/Release-iphoneos/Cordova.framework ios|    cd /Users/runner/work/shuzhai/shuzhai/ios/App/App.xcodeproj|    builtin-process-xcframework --xcframework /Users/runner/work/shuzhai/shuzhai/spm/arti
2026-09-05T18:12:08.5383410Z ##[error]facts/capacitor-swift-pm/Cordova/Cordova.xcframework --platform ios --target-path /Users/runner/work/shuzhai/shuzhai/spm/checkouts/capacitor-swift-pm/build/Release-iphoneos|/Users/runner/work/shuzhai/shuzhai/spm/artifacts/capacitor-swift-pm/Cordova/Cordova.xcframework:1:1: note: The identity of “Cordova.xcframework” is not recorded in your project.||ProcessXCFramework /Users/runner/work/shuzhai/shuzhai/spm/artifacts/capacitor-swift-pm/Capacitor/Capacitor.xcframework /Users/runner/work/shuzhai/shuzhai/spm/checkouts/text-to-speech/build/Release-iphoneos/Capacitor.framework ios|    cd /Users/runner/work/shuzhai/shuzhai/ios/App/App.xcod
2026-09-05T18:12:08.5385830Z fold: stdout: Broken pipe
2026-09-05T18:12:08.5386380Z /Users/runner/work/_temp/11c48ef4-53a0-4bcd-a83d-86d21ed80d6b.sh: line 7: echo: write error: Broken pipe
2026-09-05T18:12:08.5387420Z /Users/runner/work/_temp/11c48ef4-53a0-4bcd-a83d-86d21ed80d6b.sh: line 8: echo: write error: Broken pipe
2026-09-05T18:12:08.5388170Z /Users/runner/work/_temp/11c48ef4-53a0-4bcd-a83d-86d21ed80d6b.sh: line 10: echo: write error: Broken pipe
2026-09-05T18:12:08.5389020Z /Users/runner/work/_temp/11c48ef4-53a0-4bcd-a83d-86d21ed80d6b.sh: line 11: echo: write error: Broken pipe
2026-09-05T18:12:08.5405470Z fold: stdout: Broken pipe
2026-09-05T18:12:08.5406830Z /Users/runner/work/_temp/11c48ef4-53a0-4bcd-a83d-86d21ed80d6b.sh: line 13: echo: write error: Broken pipe
2026-09-05T18:12:08.5516930Z Node 20 is being deprecated. This workflow is running with Node 24 by default. If you need to temporarily use Node 20, you can set the ACTIONS_ALLOW_USE_UNSECURE_NODE_VERSION=true environment variable. For more information see: https://github.blog/changelog/2025-09-19-deprecation-of-node-20-on-github-actions-runners/
2026-09-05T18:12:08.5517970Z Post job cleanup.
2026-09-05T18:12:08.7908070Z [command]/opt/homebrew/bin/git version
2026-09-05T18:12:08.8086610Z git version 2.55.0
2026-09-05T18:12:08.8105320Z Copying '/Users/runner/.gitconfig' to '/Users/runner/work/_temp/6008891b-bcf2-40c0-b181-9226a4f82e6b/.gitconfig'
2026-09-05T18:12:08.8112210Z Temporarily overriding HOME='/Users/runner/work/_temp/6008891b-bcf2-40c0-b181-9226a4f82e6b' before making global git config changes
2026-09-05T18:12:08.8113120Z Adding repository directory to the temporary git global config as a safe directory
2026-09-05T18:12:08.8114710Z [command]/opt/homebrew/bin/git config --global --add safe.directory /Users/runner/work/shuzhai/shuzhai
2026-09-05T18:12:08.8193000Z [command]/opt/homebrew/bin/git config --local --name-only --get-regexp core\.sshCommand
2026-09-05T18:12:08.8237430Z [command]/opt/homebrew/bin/git submodule foreach --recursive sh -c "git config --local --name-only --get-regexp 'core\.sshCommand' && git config --local --unset-all 'core.sshCommand' || :"
2026-09-05T18:12:08.9034630Z [command]/opt/homebrew/bin/git config --local --name-only --get-regexp http\.https\:\/\/github\.com\/\.extraheader
2026-09-05T18:12:08.9064280Z http.https://github.com/.extraheader
2026-09-05T18:12:08.9070300Z [command]/opt/homebrew/bin/git config --local --unset-all http.https://github.com/.extraheader
2026-09-05T18:12:08.9123500Z [command]/opt/homebrew/bin/git submodule foreach --recursive sh -c "git config --local --name-only --get-regexp 'http\.https\:\/\/github\.com\/\.extraheader' && git config --local --unset-all 'http.https://github.com/.extraheader' || :"
2026-09-05T18:12:08.9739010Z [command]/opt/homebrew/bin/git config --local --name-only --get-regexp ^includeIf\.gitdir:
2026-09-05T18:12:08.9781400Z [command]/opt/homebrew/bin/git submodule foreach --recursive git config --local --show-origin --name-only --get-regexp remote.origin.url
2026-09-05T18:12:09.0511070Z Cleaning up orphan processes
2026-09-05T18:12:09.5573620Z Terminate orphan process: pid (8585) (ibtoold)
2026-09-05T18:12:09.5864570Z Terminate orphan process: pid (8581) (ibtoold)
2026-09-05T18:12:10.1190190Z ##[warning]Node.js 20 is deprecated. The following actions target Node.js 20 but are being forced to run on Node.js 24: actions/checkout@v4, actions/setup-node@v4. For more information see: https://github.blog/changelog/2025-09-19-deprecation-of-node-20-on-github-actions-runners/
